Component: ARM Compiler 5.06 update 6 (build 750) Tool: armlink [4d35ed]

==============================================================================

Section Cross References

    main.o(i.ADC1_2_IRQHandler) refers to fflt_clz.o(x$fpl$ffltu) for __aeabi_ui2f
    main.o(i.ADC1_2_IRQHandler) refers to f2d.o(x$fpl$f2d) for __aeabi_f2d
    main.o(i.ADC1_2_IRQHandler) refers to dmul.o(x$fpl$dmul) for __aeabi_dmul
    main.o(i.ADC1_2_IRQHandler) refers to ddiv.o(x$fpl$ddiv) for __aeabi_ddiv
    main.o(i.ADC1_2_IRQHandler) refers to daddsub_clz.o(x$fpl$dsub) for __aeabi_dsub
    main.o(i.ADC1_2_IRQHandler) refers to d2f.o(x$fpl$d2f) for __aeabi_d2f
    main.o(i.ADC1_2_IRQHandler) refers to faddsub_clz.o(x$fpl$fsub) for __aeabi_fsub
    main.o(i.ADC1_2_IRQHandler) refers to fmul.o(x$fpl$fmul) for __aeabi_fmul
    main.o(i.ADC1_2_IRQHandler) refers to faddsub_clz.o(x$fpl$fadd) for __aeabi_fadd
    main.o(i.ADC1_2_IRQHandler) refers to pwm_t1ch2_a9.o(i._ZN3PWM12setDutyCycleEf) for PWM::setDutyCycle(float)
    main.o(i.ADC1_2_IRQHandler) refers to main.o(.data) for e
    main.o(i._Z11trocaEstadoPFvvE) refers to main.o(.data) for funEstado
    main.o(i.__sti___8_main_cpp_ea587f0a) refers to pwm_t1ch2_a9.o(i._ZN3PWMC1Ev) for PWM::PWM()
    main.o(i.__sti___8_main_cpp_ea587f0a) refers to main.o(.data) for aquecedor
    main.o(i.main) refers to config_perifericos.o(i._Z14configuraClockv) for configuraClock()
    main.o(i.main) refers to config_perifericos.o(i._Z9configRTCv) for configRTC()
    main.o(i.main) refers to config_perifericos.o(i._Z9configADCv) for configADC()
    main.o(i.main) refers to pwm_t1ch2_a9.o(i._ZN3PWMC1Ev) for PWM::PWM()
    main.o(i.main) refers to lcd.o(i._Z9lcdConfigv) for lcdConfig()
    main.o(i.main) refers to lcd.o(i._Z8lcdWritePc) for lcdWrite(char*)
    main.o(i.main) refers to tecladomole.o(i._Z25configura_portaB_teclado2v) for configura_portaB_teclado2()
    main.o(i.main) refers to login_e_config.o(i._Z16selecionaProdutov) for selecionaProduto()
    main.o(i.main) refers to d2f.o(x$fpl$d2f) for __aeabi_d2f
    main.o(i.main) refers to main.o(i._Z11trocaEstadoPFvvE) for trocaEstado(void(*)())
    main.o(i.main) refers to tecladomole.o(i._Z11le_teclado2v) for le_teclado2()
    main.o(i.main) refers to estados.o(i._Z13estEmergenciav) for estEmergencia()
    main.o(i.main) refers to main.o(.data) for produtoAtual
    main.o(.ARM.exidx) refers to main.o(i._Z11trocaEstadoPFvvE) for i._Z11trocaEstadoPFvvE
    main.o(.ARM.exidx) refers to main.o(i.ADC1_2_IRQHandler) for i.ADC1_2_IRQHandler
    main.o(.ARM.exidx) refers to main.o(i.main) for i.main
    main.o(.ARM.exidx) refers to main.o(i.__sti___8_main_cpp_ea587f0a) for i.__sti___8_main_cpp_ea587f0a
    main.o(.data) refers to estados.o(i._Z11estConfirmav) for estConfirma()
    main.o(.init_array) refers to main.o(i.__sti___8_main_cpp_ea587f0a) for __sti___8_main_cpp_ea587f0a
    main.o(.init_array) refers to init_aeabi.o(.text) for __cpp_initialize__aeabi_
    pwm_t1ch2_a9.o(i._ZN3PWM12getDutyCycleEv) refers to fflt_clz.o(x$fpl$fflt) for __aeabi_i2f
    pwm_t1ch2_a9.o(i._ZN3PWM12getDutyCycleEv) refers to f2d.o(x$fpl$f2d) for __aeabi_f2d
    pwm_t1ch2_a9.o(i._ZN3PWM12getDutyCycleEv) refers to fflt_clz.o(x$fpl$ffltu) for __aeabi_ui2f
    pwm_t1ch2_a9.o(i._ZN3PWM12getDutyCycleEv) refers to dmul.o(x$fpl$dmul) for __aeabi_dmul
    pwm_t1ch2_a9.o(i._ZN3PWM12getDutyCycleEv) refers to ddiv.o(x$fpl$ddiv) for __aeabi_ddiv
    pwm_t1ch2_a9.o(i._ZN3PWM12getDutyCycleEv) refers to d2f.o(x$fpl$d2f) for __aeabi_d2f
    pwm_t1ch2_a9.o(i._ZN3PWM12setDutyCycleEf) refers to f2d.o(x$fpl$f2d) for __aeabi_f2d
    pwm_t1ch2_a9.o(i._ZN3PWM12setDutyCycleEf) refers to drleqf.o(x$fpl$drleqf) for __aeabi_cdrcmple
    pwm_t1ch2_a9.o(i._ZN3PWM12setDutyCycleEf) refers to dleqf.o(x$fpl$dleqf) for __aeabi_cdcmple
    pwm_t1ch2_a9.o(i._ZN3PWM12setDutyCycleEf) refers to dflt_clz.o(x$fpl$dflt) for __aeabi_i2d
    pwm_t1ch2_a9.o(i._ZN3PWM12setDutyCycleEf) refers to ddiv.o(x$fpl$ddiv) for __aeabi_ddiv
    pwm_t1ch2_a9.o(i._ZN3PWM12setDutyCycleEf) refers to dmul.o(x$fpl$dmul) for __aeabi_dmul
    pwm_t1ch2_a9.o(i._ZN3PWM12setDutyCycleEf) refers to dfix.o(x$fpl$dfix) for __aeabi_d2iz
    pwm_t1ch2_a9.o(.ARM.exidx) refers to pwm_t1ch2_a9.o(i._ZN3PWM7setCompEi) for i._ZN3PWM7setCompEi
    pwm_t1ch2_a9.o(.ARM.exidx) refers to pwm_t1ch2_a9.o(i._ZN3PWM9setCyclesEi) for i._ZN3PWM9setCyclesEi
    pwm_t1ch2_a9.o(.ARM.exidx) refers to pwm_t1ch2_a9.o(i._ZN3PWM12setDutyCycleEf) for i._ZN3PWM12setDutyCycleEf
    pwm_t1ch2_a9.o(.ARM.exidx) refers to pwm_t1ch2_a9.o(i._ZN3PWM12getDutyCycleEv) for i._ZN3PWM12getDutyCycleEv
    pwm_t1ch2_a9.o(.ARM.exidx) refers to pwm_t1ch2_a9.o(i._ZN3PWM13disableOutputEv) for i._ZN3PWM13disableOutputEv
    pwm_t1ch2_a9.o(.ARM.exidx) refers to pwm_t1ch2_a9.o(i._ZN3PWM12enableOutputEv) for i._ZN3PWM12enableOutputEv
    pwm_t1ch2_a9.o(.ARM.exidx) refers to pwm_t1ch2_a9.o(i._ZN3PWM15getOutputEnableEv) for i._ZN3PWM15getOutputEnableEv
[...]
    startup_stm32f10x_md.o(.text) refers to __main.o(!!!main) for __main
    startup_stm32f10x_md.o(.text) refers to startup_stm32f10x_md.o(HEAP) for Heap_Mem
    startup_stm32f10x_md.o(.text) refers to startup_stm32f10x_md.o(STACK) for Stack_Mem
    system_stm32f10x.o(i.SetSysClock) refers to system_stm32f10x.o(i.SetSysClockTo72) for SetSysClockTo72
    system_stm32f10x.o(i.SystemCoreClockUpdate) refers to system_stm32f10x.o(.data) for SystemCoreClock
    system_stm32f10x.o(i.SystemInit) refers to system_stm32f10x.o(i.SetSysClock) for SetSysClock
    __main.o(!!!main) refers to __rtentry.o(.ARM.Collect$$rtentry$$00000000) for __rt_entry
    init_aeabi.o(.emb_text) refers (Special) to libinit2.o(.ARM.Collect$$libinit$$00000031) for __rt_lib_init_cpp_2
    init_aeabi.o(.init_array) refers (Special) to libinit2.o(.ARM.Collect$$libinit$$00000031) for __rt_lib_init_cpp_2
    init_aeabi.o(.init_array) refers to init_aeabi.o(.text) for __cpp_initialize__aeabi_
    init_aeabi.o(.dummy_text) refers (Special) to libinit2.o(.ARM.Collect$$libinit$$00000031) for __rt_lib_init_cpp_2
    init_aeabi.o(.text) refers (Special) to libinit2.o(.ARM.Collect$$libinit$$00000031) for __rt_lib_init_cpp_2
    init_aeabi.o(.ARM.exidx) refers (Special) to libinit2.o(.ARM.Collect$$libinit$$00000031) for __rt_lib_init_cpp_2
    init_aeabi.o(.ARM.exidx) refers to init_aeabi.o(.text) for .text
    d2f.o(x$fpl$d2f) refers (Special) to usenofp.o(x$fpl$usenofp) for __I$use$fp
    d2f.o(x$fpl$d2f) refers to fretinf.o(x$fpl$fretinf) for __fpl_fretinf
    d2f.o(x$fpl$d2f) refers to dnaninf.o(x$fpl$dnaninf) for __fpl_dnaninf
    daddsub_clz.o(x$fpl$dadd) refers (Special) to usenofp.o(x$fpl$usenofp) for __I$use$fp
    daddsub_clz.o(x$fpl$dadd) refers to daddsub_clz.o(x$fpl$dsub) for _dsub1
    daddsub_clz.o(x$fpl$dadd) refers to dretinf.o(x$fpl$dretinf) for __fpl_dretinf
    daddsub_clz.o(x$fpl$dadd) refers to dnaninf.o(x$fpl$dnaninf) for __fpl_dnaninf
    daddsub_clz.o(x$fpl$drsb) refers (Special) to usenofp.o(x$fpl$usenofp) for __I$use$fp
    daddsub_clz.o(x$fpl$drsb) refers to daddsub_clz.o(x$fpl$dadd) for _dadd1
    daddsub_clz.o(x$fpl$drsb) refers to daddsub_clz.o(x$fpl$dsub) for _dsub1
    daddsub_clz.o(x$fpl$dsub) refers (Special) to usenofp.o(x$fpl$usenofp) for __I$use$fp
    daddsub_clz.o(x$fpl$dsub) refers to daddsub_clz.o(x$fpl$dadd) for _dadd1
    daddsub_clz.o(x$fpl$dsub) refers to dnaninf.o(x$fpl$dnaninf) for __fpl_dnaninf
    ddiv.o(x$fpl$drdiv) refers (Special) to usenofp.o(x$fpl$usenofp) for __I$use$fp
    ddiv.o(x$fpl$drdiv) refers to ddiv.o(x$fpl$ddiv) for ddiv_entry
    ddiv.o(x$fpl$ddiv) refers (Special) to usenofp.o(x$fpl$usenofp) for __I$use$fp
    ddiv.o(x$fpl$ddiv) refers to dretinf.o(x$fpl$dretinf) for __fpl_dretinf
    ddiv.o(x$fpl$ddiv) refers to dnaninf.o(x$fpl$dnaninf) for __fpl_dnaninf
    dfix.o(x$fpl$dfix) refers (Special) to usenofp.o(x$fpl$usenofp) for __I$use$fp
    dfix.o(x$fpl$dfix) refers to dnaninf.o(x$fpl$dnaninf) for __fpl_dnaninf
    dfix.o(x$fpl$dfixr) refers (Special) to usenofp.o(x$fpl$usenofp) for __I$use$fp
    dfix.o(x$fpl$dfixr) refers to dnaninf.o(x$fpl$dnaninf) for __fpl_dnaninf
    dflt_clz.o(x$fpl$dfltu) refers (Special) to usenofp.o(x$fpl$usenofp) for __I$use$fp
    dflt_clz.o(x$fpl$dflt) refers (Special) to usenofp.o(x$fpl$usenofp) for __I$use$fp
    dflt_clz.o(x$fpl$dfltn) refers (Special) to usenofp.o(x$fpl$usenofp) for __I$use$fp
    dleqf.o(x$fpl$dleqf) refers (Special) to usenofp.o(x$fpl$usenofp) for __I$use$fp
    dleqf.o(x$fpl$dleqf) refers to dnaninf.o(x$fpl$dnaninf) for __fpl_dnaninf
    dleqf.o(x$fpl$dleqf) refers to dcmpi.o(x$fpl$dcmpinf) for __fpl_dcmp_Inf
    dmul.o(x$fpl$dmul) refers (Special) to usenofp.o(x$fpl$usenofp) for __I$use$fp
    dmul.o(x$fpl$dmul) refers to dretinf.o(x$fpl$dretinf) for __fpl_dretinf
    dmul.o(x$fpl$dmul) refers to dnaninf.o(x$fpl$dnaninf) for __fpl_dnaninf
    drleqf.o(x$fpl$drleqf) refers (Special) to usenofp.o(x$fpl$usenofp) for __I$use$fp
    drleqf.o(x$fpl$drleqf) refers to dleqf.o(x$fpl$dleqf) for __fpl_dcmple_InfNaN
    f2d.o(x$fpl$f2d) refers (Special) to usenofp.o(x$fpl$usenofp) for __I$use$fp
    f2d.o(x$fpl$f2d) refers to fnaninf.o(x$fpl$fnaninf) for __fpl_fnaninf
    f2d.o(x$fpl$f2d) refers to dretinf.o(x$fpl$dretinf) for __fpl_dretinf
    faddsub_clz.o(x$fpl$fadd) refers (Special) to usenofp.o(x$fpl$usenofp) for __I$use$fp
    faddsub_clz.o(x$fpl$fadd) refers to faddsub_clz.o(x$fpl$fsub) for _fsub1
    faddsub_clz.o(x$fpl$fadd) refers to fretinf.o(x$fpl$fretinf) for __fpl_fretinf
    faddsub_clz.o(x$fpl$fadd) refers to fnaninf.o(x$fpl$fnaninf) for __fpl_fnaninf
    faddsub_clz.o(x$fpl$frsb) refers (Special) to usenofp.o(x$fpl$usenofp) for __I$use$fp
    faddsub_clz.o(x$fpl$frsb) refers to faddsub_clz.o(x$fpl$fadd) for _fadd1
    faddsub_clz.o(x$fpl$frsb) refers to faddsub_clz.o(x$fpl$fsub) for _fsub1
    faddsub_clz.o(x$fpl$fsub) refers (Special) to usenofp.o(x$fpl$usenofp) for __I$use$fp
    faddsub_clz.o(x$fpl$fsub) refers to faddsub_clz.o(x$fpl$fadd) for _fadd1
    faddsub_clz.o(x$fpl$fsub) refers to fnaninf.o(x$fpl$fnaninf) for __fpl_fnaninf
    fdiv.o(x$fpl$frdiv) refers (Special) to usenofp.o(x$fpl$usenofp) for __I$use$fp
    fdiv.o(x$fpl$frdiv) refers to fdiv.o(x$fpl$fdiv) for _fdiv1
    fdiv.o(x$fpl$fdiv) refers (Special) to usenofp.o(x$fpl$usenofp) for __I$use$fp
    fdiv.o(x$fpl$fdiv) refers to fretinf.o(x$fpl$fretinf) for __fpl_fretinf
    fdiv.o(x$fpl$fdiv) refers to fnaninf.o(x$fpl$fnaninf) for __fpl_fnaninf
    ffix.o(x$fpl$ffix) refers (Special) to usenofp.o(x$fpl$usenofp) for __I$use$fp
    ffix.o(x$fpl$ffix) refers to fnaninf.o(x$fpl$fnaninf) for __fpl_fnaninf
    ffix.o(x$fpl$ffixr) refers (Special) to usenofp.o(x$fpl$usenofp) for __I$use$fp
    ffix.o(x$fpl$ffixr) refers to fnaninf.o(x$fpl$fnaninf) for __fpl_fnaninf
    fflt_clz.o(x$fpl$ffltu) refers (Special) to usenofp.o(x$fpl$usenofp) for __I$use$fp
    fflt_clz.o(x$fpl$fflt) refers (Special) to usenofp.o(x$fpl$usenofp) for __I$use$fp
    fflt_clz.o(x$fpl$ffltn) refers (Special) to usenofp.o(x$fpl$usenofp) for __I$use$fp
    fmul.o(x$fpl$fmul) refers (Special) to usenofp.o(x$fpl$usenofp) for __I$use$fp
    fmul.o(x$fpl$fmul) refers to fretinf.o(x$fpl$fretinf) for __fpl_fretinf
    fmul.o(x$fpl$fmul) refers to fnaninf.o(x$fpl$fnaninf) for __fpl_fnaninf
    __rtentry.o(.ARM.Collect$$rtentry$$00000000) refers (Special) to __rtentry2.o(.ARM.Collect$$rtentry$$0000000A) for __rt_entry_li
    __rtentry.o(.ARM.Collect$$rtentry$$00000000) refers (Special) to __rtentry2.o(.ARM.Collect$$rtentry$$0000000D) for __rt_entry_main
    __rtentry.o(.ARM.Collect$$rtentry$$00000000) refers (Special) to __rtentry2.o(.ARM.Collect$$rtentry$$0000000C) for __rt_entry_postli_1
    __rtentry.o(.ARM.Collect$$rtentry$$00000000) refers (Special) to __rtentry2.o(.ARM.Collect$$rtentry$$00000009) for __rt_entry_postsh_1
    __rtentry.o(.ARM.Collect$$rtentry$$00000000) refers (Special) to __rtentry2.o(.ARM.Collect$$rtentry$$00000002) for __rt_entry_presh_1
    __rtentry.o(.ARM.Collect$$rtentry$$00000000) refers (Special) to __rtentry4.o(.ARM.Collect$$rtentry$$00000004) for __rt_entry_sh
    libinit2.o(.ARM.Collect$$libinit$$00000010) refers to libinit2.o(.ARM.Collect$$libinit$$0000000F) for .ARM.Collect$$libinit$$0000000F
    libinit2.o(.ARM.Collect$$libinit$$00000012) refers to libinit2.o(.ARM.Collect$$libinit$$0000000F) for .ARM.Collect$$libinit$$0000000F
    libinit2.o(.ARM.Collect$$libinit$$00000014) refers to libinit2.o(.ARM.Collect$$libinit$$0000000F) for .ARM.Collect$$libinit$$0000000F
    libinit2.o(.ARM.Collect$$libinit$$00000016) refers to libinit2.o(.ARM.Collect$$libinit$$0000000F) for .ARM.Collect$$libinit$$0000000F
    libinit2.o(.ARM.Collect$$libinit$$00000018) refers to libinit2.o(.ARM.Collect$$libinit$$0000000F) for .ARM.Collect$$libinit$$0000000F
    libinit2.o(.ARM.Collect$$libinit$$00000026) refers to argv_veneer.o(.emb_text) for __ARM_argv_veneer
    libinit2.o(.ARM.Collect$$libinit$$00000027) refers to argv_veneer.o(.emb_text) for __ARM_argv_veneer
    libinit2.o(.ARM.Collect$$libinit$$00000031) refers (Weak) to init_aeabi.o(.text) for __cpp_initialize__aeabi_
    dcmpi.o(x$fpl$dcmpinf) refers (Special) to usenofp.o(x$fpl$usenofp) for __I$use$fp
    dnaninf.o(x$fpl$dnaninf) refers (Special) to usenofp.o(x$fpl$usenofp) for __I$use$fp
    dretinf.o(x$fpl$dretinf) refers (Special) to usenofp.o(x$fpl$usenofp) for __I$use$fp
    fnaninf.o(x$fpl$fnaninf) refers (Special) to usenofp.o(x$fpl$usenofp) for __I$use$fp
    fretinf.o(x$fpl$fretinf) refers (Special) to usenofp.o(x$fpl$usenofp) for __I$use$fp
    __rtentry2.o(.ARM.Collect$$rtentry$$00000008) refers to boardinit2.o(.text) for _platform_post_stackheap_init
    __rtentry2.o(.ARM.Collect$$rtentry$$0000000A) refers to libinit.o(.ARM.Collect$$libinit$$00000000) for __rt_lib_init
    __rtentry2.o(.ARM.Collect$$rtentry$$0000000B) refers to boardinit3.o(.text) for _platform_post_lib_init
    __rtentry2.o(.ARM.Collect$$rtentry$$0000000D) refers to main.o(i.main) for main
    __rtentry2.o(.ARM.Collect$$rtentry$$0000000D) refers to exit.o(.text) for exit
    __rtentry2.o(.ARM.exidx) refers to __rtentry2.o(.ARM.Collect$$rtentry$$00000001) for .ARM.Collect$$rtentry$$00000001
    __rtentry2.o(.ARM.exidx) refers to __rtentry2.o(.ARM.Collect$$rtentry$$00000008) for .ARM.Collect$$rtentry$$00000008
    __rtentry2.o(.ARM.exidx) refers to __rtentry2.o(.ARM.Collect$$rtentry$$0000000A) for .ARM.Collect$$rtentry$$0000000A
    __rtentry2.o(.ARM.exidx) refers to __rtentry2.o(.ARM.Collect$$rtentry$$0000000B) for .ARM.Collect$$rtentry$$0000000B
    __rtentry2.o(.ARM.exidx) refers to __rtentry2.o(.ARM.Collect$$rtentry$$0000000D) for .ARM.Collect$$rtentry$$0000000D
    __rtentry4.o(.ARM.Collect$$rtentry$$00000004) refers to sys_stackheap_outer.o(.text) for __user_setup_stackheap
    __rtentry4.o(.ARM.exidx) refers to __rtentry4.o(.ARM.Collect$$rtentry$$00000004) for .ARM.Collect$$rtentry$$00000004
    argv_veneer.o(.emb_text) refers to no_argv.o(.text) for __ARM_get_argv
    sys_stackheap_outer.o(.text) refers to libspace.o(.text) for __user_perproc_libspace
    sys_stackheap_outer.o(.text) refers to startup_stm32f10x_md.o(.text) for __user_initial_stackheap
    exit.o(.text) refers to rtexit.o(.ARM.Collect$$rtexit$$00000000) for __rt_exit
    _get_argv_nomalloc.o(.text) refers (Special) to hrguard.o(.text) for __heap_region$guard
    _get_argv_nomalloc.o(.text) refers to defsig_rtmem_outer.o(.text) for __rt_SIGRTMEM
    _get_argv_nomalloc.o(.text) refers to sys_command.o(.text) for _sys_command_string
    libinit.o(.ARM.Collect$$libinit$$00000000) refers (Special) to libinit2.o(.ARM.Collect$$libinit$$0000002E) for __rt_lib_init_alloca_1
    libinit.o(.ARM.Collect$$libinit$$00000000) refers (Special) to libinit2.o(.ARM.Collect$$libinit$$0000002C) for __rt_lib_init_argv_1
    libinit.o(.ARM.Collect$$libinit$$00000000) refers (Special) to libinit2.o(.ARM.Collect$$libinit$$0000001B) for __rt_lib_init_atexit_1
    libinit.o(.ARM.Collect$$libinit$$00000000) refers (Special) to libinit2.o(.ARM.Collect$$libinit$$00000021) for __rt_lib_init_clock_1
    libinit.o(.ARM.Collect$$libinit$$00000000) refers (Special) to libinit2.o(.ARM.Collect$$libinit$$00000032) for __rt_lib_init_cpp_1
    libinit.o(.ARM.Collect$$libinit$$00000000) refers (Special) to libinit2.o(.ARM.Collect$$libinit$$00000030) for __rt_lib_init_exceptions_1
    libinit.o(.ARM.Collect$$libinit$$00000000) refers (Special) to libinit2.o(.ARM.Collect$$libinit$$00000002) for __rt_lib_init_fp_1
    libinit.o(.ARM.Collect$$libinit$$00000000) refers (Special) to libinit2.o(.ARM.Collect$$libinit$$0000001F) for __rt_lib_init_fp_trap_1
    libinit.o(.ARM.Collect$$libinit$$00000000) refers (Special) to libinit2.o(.ARM.Collect$$libinit$$00000023) for __rt_lib_init_getenv_1
    libinit.o(.ARM.Collect$$libinit$$00000000) refers (Special) to libinit2.o(.ARM.Collect$$libinit$$0000000A) for __rt_lib_init_heap_1
    libinit.o(.ARM.Collect$$libinit$$00000000) refers (Special) to libinit2.o(.ARM.Collect$$libinit$$00000011) for __rt_lib_init_lc_collate_1
    libinit.o(.ARM.Collect$$libinit$$00000000) refers (Special) to libinit2.o(.ARM.Collect$$libinit$$00000013) for __rt_lib_init_lc_ctype_1
    libinit.o(.ARM.Collect$$libinit$$00000000) refers (Special) to libinit2.o(.ARM.Collect$$libinit$$00000015) for __rt_lib_init_lc_monetary_1
    libinit.o(.ARM.Collect$$libinit$$00000000) refers (Special) to libinit2.o(.ARM.Collect$$libinit$$00000017) for __rt_lib_init_lc_numeric_1
    libinit.o(.ARM.Collect$$libinit$$00000000) refers (Special) to libinit2.o(.ARM.Collect$$libinit$$00000019) for __rt_lib_init_lc_time_1
    libinit.o(.ARM.Collect$$libinit$$00000000) refers (Special) to libinit2.o(.ARM.Collect$$libinit$$00000004) for __rt_lib_init_preinit_1
    libinit.o(.ARM.Collect$$libinit$$00000000) refers (Special) to libinit2.o(.ARM.Collect$$libinit$$0000000E) for __rt_lib_init_rand_1
    libinit.o(.ARM.Collect$$libinit$$00000000) refers (Special) to libinit2.o(.ARM.Collect$$libinit$$00000033) for __rt_lib_init_return
    libinit.o(.ARM.Collect$$libinit$$00000000) refers (Special) to libinit2.o(.ARM.Collect$$libinit$$0000001D) for __rt_lib_init_signal_1
    libinit.o(.ARM.Collect$$libinit$$00000000) refers (Special) to libinit2.o(.ARM.Collect$$libinit$$00000025) for __rt_lib_init_stdio_1
    libinit.o(.ARM.Collect$$libinit$$00000000) refers (Special) to libinit2.o(.ARM.Collect$$libinit$$0000000C) for __rt_lib_init_user_alloc_1
    sys_command.o(.text) refers (Special) to use_no_semi.o(.text) for __I$use$semihosting
    sys_command.o(.text) refers (Special) to indicate_semi.o(.text) for __semihosting_library_function
    libspace.o(.text) refers to libspace.o(.bss) for __libspace_start
    rtexit.o(.ARM.Collect$$rtexit$$00000000) refers (Special) to rtexit2.o(.ARM.Collect$$rtexit$$00000004) for __rt_exit_exit
    rtexit.o(.ARM.Collect$$rtexit$$00000000) refers (Special) to rtexit2.o(.ARM.Collect$$rtexit$$00000003) for __rt_exit_ls
    rtexit.o(.ARM.Collect$$rtexit$$00000000) refers (Special) to rtexit2.o(.ARM.Collect$$rtexit$$00000002) for __rt_exit_prels_1
    rtexit.o(.ARM.exidx) refers (Special) to rtexit2.o(.ARM.Collect$$rtexit$$00000004) for __rt_exit_exit
    rtexit.o(.ARM.exidx) refers (Special) to rtexit2.o(.ARM.Collect$$rtexit$$00000003) for __rt_exit_ls
    rtexit.o(.ARM.exidx) refers (Special) to rtexit2.o(.ARM.Collect$$rtexit$$00000002) for __rt_exit_prels_1
    rtexit.o(.ARM.exidx) refers to rtexit.o(.ARM.Collect$$rtexit$$00000000) for .ARM.Collect$$rtexit$$00000000
    defsig_rtmem_outer.o(.text) refers to defsig_rtmem_inner.o(.text) for __rt_SIGRTMEM_inner
    defsig_rtmem_outer.o(.text) refers to defsig_exit.o(.text) for __sig_exit
    defsig_rtmem_formal.o(.text) refers to rt_raise.o(.text) for __rt_raise
    rtexit2.o(.ARM.Collect$$rtexit$$00000003) refers to libshutdown.o(.ARM.Collect$$libshutdown$$00000000) for __rt_lib_shutdown
    rtexit2.o(.ARM.Collect$$rtexit$$00000004) refers to sys_exit.o(.text) for _sys_exit
    rtexit2.o(.ARM.exidx) refers to rtexit2.o(.ARM.Collect$$rtexit$$00000001) for .ARM.Collect$$rtexit$$00000001
    rtexit2.o(.ARM.exidx) refers to rtexit2.o(.ARM.Collect$$rtexit$$00000003) for .ARM.Collect$$rtexit$$00000003
    rtexit2.o(.ARM.exidx) refers to rtexit2.o(.ARM.Collect$$rtexit$$00000004) for .ARM.Collect$$rtexit$$00000004
    rt_raise.o(.text) refers to __raise.o(.text) for __raise
    rt_raise.o(.text) refers to sys_exit.o(.text) for _sys_exit
    defsig_exit.o(.text) refers to sys_exit.o(.text) for _sys_exit
    defsig_rtmem_inner.o(.text) refers to defsig_general.o(.text) for __default_signal_display
    sys_exit.o(.text) refers (Special) to use_no_semi.o(.text) for __I$use$semihosting
    sys_exit.o(.text) refers (Special) to indicate_semi.o(.text) for __semihosting_library_function
    __raise.o(.text) refers to defsig.o(CL$$defsig) for __default_signal_handler
    defsig_general.o(.text) refers to sys_wrch.o(.text) for _ttywrch
    libshutdown.o(.ARM.Collect$$libshutdown$$00000000) refers (Special) to libshutdown2.o(.ARM.Collect$$libshutdown$$00000002) for __rt_lib_shutdown_cpp_1
    libshutdown.o(.ARM.Collect$$libshutdown$$00000000) refers (Special) to libshutdown2.o(.ARM.Collect$$libshutdown$$00000007) for __rt_lib_shutdown_fp_trap_1
    libshutdown.o(.ARM.Collect$$libshutdown$$00000000) refers (Special) to libshutdown2.o(.ARM.Collect$$libshutdown$$0000000F) for __rt_lib_shutdown_heap_1
    libshutdown.o(.ARM.Collect$$libshutdown$$00000000) refers (Special) to libshutdown2.o(.ARM.Collect$$libshutdown$$00000010) for __rt_lib_shutdown_return
    libshutdown.o(.ARM.Collect$$libshutdown$$00000000) refers (Special) to libshutdown2.o(.ARM.Collect$$libshutdown$$0000000A) for __rt_lib_shutdown_signal_1
    libshutdown.o(.ARM.Collect$$libshutdown$$00000000) refers (Special) to libshutdown2.o(.ARM.Collect$$libshutdown$$00000004) for __rt_lib_shutdown_stdio_1
    libshutdown.o(.ARM.Collect$$libshutdown$$00000000) refers (Special) to libshutdown2.o(.ARM.Collect$$libshutdown$$0000000C) for __rt_lib_shutdown_user_alloc_1
    sys_wrch.o(.text) refers (Special) to use_no_semi.o(.text) for __I$use$semihosting
    sys_wrch.o(.text) refers (Special) to indicate_semi.o(.text) for __semihosting_library_function
    defsig.o(CL$$defsig) refers to defsig_rtmem_inner.o(.text) for __rt_SIGRTMEM_inner
    defsig_abrt_inner.o(.text) refers to defsig_general.o(.text) for __default_signal_display
    defsig_fpe_inner.o(.text) refers to defsig_general.o(.text) for __default_signal_display
    defsig_rtred_inner.o(.text) refers to defsig_general.o(.text) for __default_signal_display
    defsig_stak_inner.o(.text) refers to defsig_general.o(.text) for __default_signal_display
    defsig_pvfn_inner.o(.text) refers to defsig_general.o(.text) for __default_signal_display
    defsig_cppl_inner.o(.text) refers to defsig_general.o(.text) for __default_signal_display
    defsig_segv_inner.o(.text) refers to defsig_general.o(.text) for __default_signal_display
    defsig_other.o(.text) refers to defsig_general.o(.text) for __default_signal_display
    lcd.o(.ARM.exidx) refers to lcd.o(i._Z11pulseEnablev) for i._Z11pulseEnablev


==============================================================================

Removing Unused input sections from the image.

    Removing main.o(.rev16_text), (4 bytes).
    Removing main.o(.revsh_text), (4 bytes).
    Removing main.o(.rrx_text), (6 bytes).
    Removing main.o(.ARM.exidx), (8 bytes).
    Removing main.o(.ARM.exidx), (8 bytes).
    Removing main.o(.ARM.exidx), (8 bytes).
    Removing main.o(.ARM.exidx), (8 bytes).
    Removing pwm_t1ch2_a9.o(.rev16_text), (4 bytes).
    Removing pwm_t1ch2_a9.o(.revsh_text), (4 bytes).
    Removing pwm_t1ch2_a9.o(.rrx_text), (6 bytes).
    Removing pwm_t1ch2_a9.o(i._ZN3PWM12getDutyCycleEv), (80 bytes).
    Removing pwm_t1ch2_a9.o(i._ZN3PWM7setCompEi), (36 bytes).
    Removing pwm_t1ch2_a9.o(i._ZN3PWM9setCyclesEi), (12 bytes).
    Removing pwm_t1ch2_a9.o(.ARM.exidx), (8 bytes).
    Removing pwm_t1ch2_a9.o(.ARM.exidx), (8 bytes).
    Removing pwm_t1ch2_a9.o(.ARM.exidx), (8 bytes).
    Removing pwm_t1ch2_a9.o(.ARM.exidx), (8 bytes).
    Removing pwm_t1ch2_a9.o(.ARM.exidx), (8 bytes).
    Removing pwm_t1ch2_a9.o(.ARM.exidx), (8 bytes).
    Removing pwm_t1ch2_a9.o(.ARM.exidx), (8 bytes).
    Removing pwm_t1ch2_a9.o(.ARM.exidx), (8 bytes).
    Removing lcd.o(.rev16_text), (4 bytes).
    Removing lcd.o(.revsh_text), (4 bytes).
    Removing lcd.o(.rrx_text), (6 bytes).
    Removing lcd.o(.ARM.exidx), (8 bytes).
    Removing lcd.o(.ARM.exidx), (8 bytes).
    Removing lcd.o(.ARM.exidx), (8 bytes).
    Removing lcd.o(.ARM.exidx), (8 bytes).
    Removing lcd.o(.ARM.exidx), (8 bytes).
    Removing lcd.o(.ARM.exidx), (8 bytes).
    Removing lcd.o(.ARM.exidx), (8 bytes).
    Removing lcd.o(.ARM.exidx), (8 bytes).
    Removing lcd.o(.ARM.exidx), (8 bytes).
    Removing tecladomole.o(.rev16_text), (4 bytes).
    Removing tecladomole.o(.revsh_text), (4 bytes).
    Removing tecladomole.o(.rrx_text), (6 bytes).
    Removing tecladomole.o(.ARM.exidx), (8 bytes).
    Removing tecladomole.o(.ARM.exidx), (8 bytes).
    Removing tecladomole.o(.ARM.exidx), (8 bytes).
    Removing tecladomole.o(.ARM.exidx), (8 bytes).
    Removing tecladomole.o(.ARM.exidx), (8 bytes).
    Removing comarduino.o(.rev16_text), (4 bytes).
    Removing comarduino.o(.revsh_text), (4 bytes).
    Removing comarduino.o(.rrx_text), (6 bytes).
    Removing config_perifericos.o(.rev16_text), (4 bytes).
    Removing config_perifericos.o(.revsh_text), (4 bytes).
    Removing config_perifericos.o(.rrx_text), (6 bytes).
    Removing config_perifericos.o(.ARM.exidx), (8 bytes).
    Removing config_perifericos.o(.ARM.exidx), (8 bytes).
    Removing config_perifericos.o(.ARM.exidx), (8 bytes).
    Removing config_perifericos.o(.ARM.exidx), (8 bytes).
    Removing config_perifericos.o(.ARM.exidx), (8 bytes).
    Removing auxiliares.o(i._Z20porcentagemFloat2StrPcf), (128 bytes).
    Removing auxiliares.o(.ARM.exidx), (8 bytes).
    Removing auxiliares.o(.ARM.exidx), (8 bytes).
    Removing login_e_config.o(.rev16_text), (4 bytes).
    Removing login_e_config.o(.revsh_text), (4 bytes).
    Removing login_e_config.o(.rrx_text), (6 bytes).
    Removing login_e_config.o(i._Z11pedeUsuariov), (316 bytes).
    Removing login_e_config.o(i._Z19selecionaVelocidadev), (452 bytes).
    Removing login_e_config.o(i._Z9pedeSenhai), (344 bytes).
    Removing login_e_config.o(.ARM.exidx), (8 bytes).
    Removing login_e_config.o(.ARM.exidx), (8 bytes).
    Removing login_e_config.o(.ARM.exidx), (8 bytes).
    Removing login_e_config.o(.ARM.exidx), (8 bytes).
    Removing estados.o(.rev16_text), (4 bytes).
    Removing estados.o(.revsh_text), (4 bytes).
    Removing estados.o(.rrx_text), (6 bytes).
    Removing estados.o(i._Z12estRelatoriov), (2 bytes).
    Removing estados.o(i._Z13estFechamentov), (2 bytes).
    Removing estados.o(i._Z16estTrocaProducaov), (2 bytes).
    Removing estados.o(i._Z18estLoginFechamentov), (2 bytes).
    Removing estados.o(.ARM.exidx), (8 bytes).
    Removing estados.o(.ARM.exidx), (8 bytes).
    Removing estados.o(.ARM.exidx), (8 bytes).
    Removing estados.o(.ARM.exidx), (8 bytes).
    Removing estados.o(.ARM.exidx), (8 bytes).
    Removing estados.o(.ARM.exidx), (8 bytes).
    Removing estados.o(.ARM.exidx), (8 bytes).
    Removing estados.o(.ARM.exidx), (8 bytes).
    Removing estados.o(.ARM.exidx), (8 bytes).
    Removing system_stm32f10x.o(.rev16_text), (4 bytes).
    Removing system_stm32f10x.o(.revsh_text), (4 bytes).
    Removing system_stm32f10x.o(.rrx_text), (6 bytes).
    Removing system_stm32f10x.o(i.SystemCoreClockUpdate), (164 bytes).
    Removing system_stm32f10x.o(.data), (20 bytes).
    Removing lcd.o(.ARM.exidx), (8 bytes).

87 unused section(s) (total 2062 bytes) removed from the image.

==============================================================================

Image Symbol Table

    Local Symbols

    Symbol Name                              Value     Ov Type        Size  Object(Section)

    ../clib/angel/boardlib.s                 0x00000000   Number         0  boardshut.o ABSOLUTE
    ../clib/angel/boardlib.s                 0x00000000   Number         0  boardinit1.o ABSOLUTE
    ../clib/angel/boardlib.s                 0x00000000   Number         0  boardinit2.o ABSOLUTE
    ../clib/angel/boardlib.s                 0x00000000   Number         0  boardinit3.o ABSOLUTE
    ../clib/angel/handlers.s                 0x00000000   Number         0  __scatter_copy.o ABSOLUTE
    ../clib/angel/handlers.s                 0x00000000   Number         0  __scatter_zi.o ABSOLUTE
    ../clib/angel/kernel.s                   0x00000000   Number         0  rtexit2.o ABSOLUTE
    ../clib/angel/kernel.s                   0x00000000   Number         0  __rtentry2.o ABSOLUTE
    ../clib/angel/kernel.s                   0x00000000   Number         0  __rtentry4.o ABSOLUTE
    ../clib/angel/kernel.s                   0x00000000   Number         0  rtexit.o ABSOLUTE
    ../clib/angel/kernel.s                   0x00000000   Number         0  __rtentry.o ABSOLUTE
    ../clib/angel/rt.s                       0x00000000   Number         0  rt_raise.o ABSOLUTE
    ../clib/angel/scatter.s                  0x00000000   Number         0  __scatter.o ABSOLUTE
    ../clib/angel/startup.s                  0x00000000   Number         0  __main.o ABSOLUTE
    ../clib/angel/sys.s                      0x00000000   Number         0  indicate_semi.o ABSOLUTE
    ../clib/angel/sys.s                      0x00000000   Number         0  sys_stackheap_outer.o ABSOLUTE
    ../clib/angel/sys.s                      0x00000000   Number         0  use_no_semi.o ABSOLUTE
    ../clib/angel/sys.s                      0x00000000   Number         0  libspace.o ABSOLUTE
    ../clib/angel/sysapp.c                   0x00000000   Number         0  sys_command.o ABSOLUTE
    ../clib/angel/sysapp.c                   0x00000000   Number         0  sys_exit.o ABSOLUTE
    ../clib/angel/sysapp.c                   0x00000000   Number         0  sys_wrch.o ABSOLUTE
    ../clib/arm_runtime.c                    0x00000000   Number         0  init_aeabi.o ABSOLUTE
    ../clib/arm_runtime.c                    0x00000000   Number         0  init_aeabi.o ABSOLUTE
    ../clib/armsys.c                         0x00000000   Number         0  _get_argv_nomalloc.o ABSOLUTE
    ../clib/armsys.c                         0x00000000   Number         0  argv_veneer.o ABSOLUTE
    ../clib/armsys.c                         0x00000000   Number         0  argv_veneer.o ABSOLUTE
    ../clib/armsys.c                         0x00000000   Number         0  no_argv.o ABSOLUTE
    ../clib/heapalloc.c                      0x00000000   Number         0  hrguard.o ABSOLUTE
    ../clib/heapaux.c                        0x00000000   Number         0  heapauxi.o ABSOLUTE
    ../clib/libinit.s                        0x00000000   Number         0  libinit.o ABSOLUTE
    ../clib/libinit.s                        0x00000000   Number         0  libinit2.o ABSOLUTE
    ../clib/libinit.s                        0x00000000   Number         0  libshutdown.o ABSOLUTE
    ../clib/libinit.s                        0x00000000   Number         0  libshutdown2.o ABSOLUTE
    ../clib/memcpset.s                       0x00000000   Number         0  rt_memcpy_w.o ABSOLUTE
    ../clib/memcpset.s                       0x00000000   Number         0  strcmpv7m.o ABSOLUTE
    ../clib/signal.c                         0x00000000   Number         0  defsig_general.o ABSOLUTE
    ../clib/signal.c                         0x00000000   Number         0  defsig_rtmem_inner.o ABSOLUTE
    ../clib/signal.c                         0x00000000   Number         0  defsig_exit.o ABSOLUTE
    ../clib/signal.c                         0x00000000   Number         0  defsig_rtmem_formal.o ABSOLUTE
    ../clib/signal.c                         0x00000000   Number         0  __raise.o ABSOLUTE
    ../clib/signal.c                         0x00000000   Number         0  defsig_rtmem_outer.o ABSOLUTE
    ../clib/signal.c                         0x00000000   Number         0  defsig_other.o ABSOLUTE
    ../clib/signal.c                         0x00000000   Number         0  defsig_segv_inner.o ABSOLUTE
    ../clib/signal.c                         0x00000000   Number         0  defsig_cppl_inner.o ABSOLUTE
    ../clib/signal.c                         0x00000000   Number         0  defsig_pvfn_inner.o ABSOLUTE
    ../clib/signal.c                         0x00000000   Number         0  defsig_stak_inner.o ABSOLUTE
    ../clib/signal.c                         0x00000000   Number         0  defsig_rtred_inner.o ABSOLUTE
    ../clib/signal.c                         0x00000000   Number         0  defsig_fpe_inner.o ABSOLUTE
    ../clib/signal.c                         0x00000000   Number         0  defsig_abrt_inner.o ABSOLUTE
    ../clib/signal.s                         0x00000000   Number         0  defsig.o ABSOLUTE
    ../clib/stdlib.c                         0x00000000   Number         0  exit.o ABSOLUTE
    ../fplib/d2f.s                           0x00000000   Number         0  d2f.o ABSOLUTE
    ../fplib/daddsub.s                       0x00000000   Number         0  daddsub_clz.o ABSOLUTE
    ../fplib/dcmpi.s                         0x00000000   Number         0  dcmpi.o ABSOLUTE
    ../fplib/ddiv.s                          0x00000000   Number         0  ddiv.o ABSOLUTE
    ../fplib/dfix.s                          0x00000000   Number         0  dfix.o ABSOLUTE
    ../fplib/dflt.s                          0x00000000   Number         0  dflt_clz.o ABSOLUTE
    ../fplib/dleqf.s                         0x00000000   Number         0  dleqf.o ABSOLUTE
    ../fplib/dmul.s                          0x00000000   Number         0  dmul.o ABSOLUTE
    ../fplib/dnaninf.s                       0x00000000   Number         0  dnaninf.o ABSOLUTE
    ../fplib/dretinf.s                       0x00000000   Number         0  dretinf.o ABSOLUTE
    ../fplib/drleqf.s                        0x00000000   Number         0  drleqf.o ABSOLUTE
    ../fplib/f2d.s                           0x00000000   Number         0  f2d.o ABSOLUTE
    ../fplib/faddsub.s                       0x00000000   Number         0  faddsub_clz.o ABSOLUTE
    ../fplib/fdiv.s                          0x00000000   Number         0  fdiv.o ABSOLUTE
    ../fplib/ffix.s                          0x00000000   Number         0  ffix.o ABSOLUTE
    ../fplib/fflt.s                          0x00000000   Number         0  fflt_clz.o ABSOLUTE
    ../fplib/fmul.s                          0x00000000   Number         0  fmul.o ABSOLUTE
    ../fplib/fnaninf.s                       0x00000000   Number         0  fnaninf.o ABSOLUTE
    ../fplib/fpinit.s                        0x00000000   Number         0  fpinit.o ABSOLUTE
    ../fplib/fretinf.s                       0x00000000   Number         0  fretinf.o ABSOLUTE
    ../fplib/usenofp.s                       0x00000000   Number         0  usenofp.o ABSOLUTE
    ComArduino.cpp                           0x00000000   Number         0  comarduino.o ABSOLUTE
    ComArduino.cpp                           0x00000000   Number         0  comarduino.o ABSOLUTE
    PWM_T1CH2_A9.cpp                         0x00000000   Number         0  pwm_t1ch2_a9.o ABSOLUTE
    PWM_T1CH2_A9.cpp                         0x00000000   Number         0  pwm_t1ch2_a9.o ABSOLUTE
    RTE\Device\STM32F103C8\startup_stm32f10x_md.s 0x00000000   Number         0  startup_stm32f10x_md.o ABSOLUTE
    RTE\Device\STM32F103C8\system_stm32f10x.c 0x00000000   Number         0  system_stm32f10x.o ABSOLUTE
    RTE\\Device\\STM32F103C8\\system_stm32f10x.c 0x00000000   Number         0  system_stm32f10x.o ABSOLUTE
    TECLADOMOLE.cpp                          0x00000000   Number         0  tecladomole.o ABSOLUTE
    TECLADOMOLE.cpp                          0x00000000   Number         0  tecladomole.o ABSOLUTE
    auxiliares.cpp                           0x00000000   Number         0  auxiliares.o ABSOLUTE
    config_perifericos.cpp                   0x00000000   Number         0  config_perifericos.o ABSOLUTE
    config_perifericos.cpp                   0x00000000   Number         0  config_perifericos.o ABSOLUTE
    dc.s                                     0x00000000   Number         0  dc.o ABSOLUTE
    estados.cpp                              0x00000000   Number         0  estados.o ABSOLUTE
    estados.cpp                              0x00000000   Number         0  estados.o ABSOLUTE
    lcd.cpp                                  0x00000000   Number         0  lcd.o ABSOLUTE
    lcd.cpp                                  0x00000000   Number         0  lcd.o ABSOLUTE
    login_e_config.cpp                       0x00000000   Number         0  login_e_config.o ABSOLUTE
    login_e_config.cpp                       0x00000000   Number         0  login_e_config.o ABSOLUTE
    main.cpp                                 0x00000000   Number         0  main.o ABSOLUTE
    main.cpp                                 0x00000000   Number         0  main.o ABSOLUTE
    RESET                                    0x08000000   Section      236  startup_stm32f10x_md.o(RESET)
    !!!main                                  0x080000ec   Section        8  __main.o(!!!main)
    !!!scatter                               0x080000f4   Section       52  __scatter.o(!!!scatter)
    !!handler_copy                           0x08000128   Section       26  __scatter_copy.o(!!handler_copy)
    !!handler_zi                             0x08000144   Section       28  __scatter_zi.o(!!handler_zi)
    .ARM.Collect$$libinit$$00000000          0x08000160   Section        2  libinit.o(.ARM.Collect$$libinit$$00000000)
    .ARM.Collect$$libinit$$00000002          0x08000162   Section        0  libinit2.o(.ARM.Collect$$libinit$$00000002)
    .ARM.Collect$$libinit$$00000004          0x08000162   Section        0  libinit2.o(.ARM.Collect$$libinit$$00000004)
    .ARM.Collect$$libinit$$0000000A          0x08000162   Section        0  libinit2.o(.ARM.Collect$$libinit$$0000000A)
    .ARM.Collect$$libinit$$0000000C          0x08000162   Section        0  libinit2.o(.ARM.Collect$$libinit$$0000000C)
    .ARM.Collect$$libinit$$0000000E          0x08000162   Section        0  libinit2.o(.ARM.Collect$$libinit$$0000000E)
    .ARM.Collect$$libinit$$00000011          0x08000162   Section        0  libinit2.o(.ARM.Collect$$libinit$$00000011)
    .ARM.Collect$$libinit$$00000013          0x08000162   Section        0  libinit2.o(.ARM.Collect$$libinit$$00000013)
    .ARM.Collect$$libinit$$00000015          0x08000162   Section        0  libinit2.o(.ARM.Collect$$libinit$$00000015)
    .ARM.Collect$$libinit$$00000017          0x08000162   Section        0  libinit2.o(.ARM.Collect$$libinit$$00000017)
    .ARM.Collect$$libinit$$00000019          0x08000162   Section        0  libinit2.o(.ARM.Collect$$libinit$$00000019)
    .ARM.Collect$$libinit$$0000001B          0x08000162   Section        0  libinit2.o(.ARM.Collect$$libinit$$0000001B)
    .ARM.Collect$$libinit$$0000001D          0x08000162   Section        0  libinit2.o(.ARM.Collect$$libinit$$0000001D)
    .ARM.Collect$$libinit$$0000001F          0x08000162   Section        0  libinit2.o(.ARM.Collect$$libinit$$0000001F)
    .ARM.Collect$$libinit$$00000021          0x08000162   Section        0  libinit2.o(.ARM.Collect$$libinit$$00000021)
    .ARM.Collect$$libinit$$00000023          0x08000162   Section        0  libinit2.o(.ARM.Collect$$libinit$$00000023)
    .ARM.Collect$$libinit$$00000025          0x08000162   Section        0  libinit2.o(.ARM.Collect$$libinit$$00000025)
    .ARM.Collect$$libinit$$0000002C          0x08000162   Section        0  libinit2.o(.ARM.Collect$$libinit$$0000002C)
    .ARM.Collect$$libinit$$0000002E          0x08000162   Section        0  libinit2.o(.ARM.Collect$$libinit$$0000002E)
    .ARM.Collect$$libinit$$00000030          0x08000162   Section        0  libinit2.o(.ARM.Collect$$libinit$$00000030)
    .ARM.Collect$$libinit$$00000031          0x08000162   Section        4  libinit2.o(.ARM.Collect$$libinit$$00000031)
    .ARM.Collect$$libinit$$00000032          0x08000166   Section        0  libinit2.o(.ARM.Collect$$libinit$$00000032)
    .ARM.Collect$$libinit$$00000033          0x08000166   Section        2  libinit2.o(.ARM.Collect$$libinit$$00000033)
    .ARM.Collect$$libshutdown$$00000000      0x08000168   Section        2  libshutdown.o(.ARM.Collect$$libshutdown$$00000000)
    .ARM.Collect$$libshutdown$$00000002      0x0800016a   Section        0  libshutdown2.o(.ARM.Collect$$libshutdown$$00000002)
    .ARM.Collect$$libshutdown$$00000004      0x0800016a   Section        0  libshutdown2.o(.ARM.Collect$$libshutdown$$00000004)
    .ARM.Collect$$libshutdown$$00000007      0x0800016a   Section        0  libshutdown2.o(.ARM.Collect$$libshutdown$$00000007)
    .ARM.Collect$$libshutdown$$0000000A      0x0800016a   Section        0  libshutdown2.o(.ARM.Collect$$libshutdown$$0000000A)
    .ARM.Collect$$libshutdown$$0000000C      0x0800016a   Section        0  libshutdown2.o(.ARM.Collect$$libshutdown$$0000000C)
    .ARM.Collect$$libshutdown$$0000000F      0x0800016a   Section        0  libshutdown2.o(.ARM.Collect$$libshutdown$$0000000F)
    .ARM.Collect$$libshutdown$$00000010      0x0800016a   Section        2  libshutdown2.o(.ARM.Collect$$libshutdown$$00000010)
    .ARM.Collect$$rtentry$$00000000          0x0800016c   Section        0  __rtentry.o(.ARM.Collect$$rtentry$$00000000)
    .ARM.Collect$$rtentry$$00000002          0x0800016c   Section        0  __rtentry2.o(.ARM.Collect$$rtentry$$00000002)
    .ARM.Collect$$rtentry$$00000004          0x0800016c   Section        6  __rtentry4.o(.ARM.Collect$$rtentry$$00000004)
    .ARM.Collect$$rtentry$$00000009          0x08000172   Section        0  __rtentry2.o(.ARM.Collect$$rtentry$$00000009)
    .ARM.Collect$$rtentry$$0000000A          0x08000172   Section        4  __rtentry2.o(.ARM.Collect$$rtentry$$0000000A)
    .ARM.Collect$$rtentry$$0000000C          0x08000176   Section        0  __rtentry2.o(.ARM.Collect$$rtentry$$0000000C)
    .ARM.Collect$$rtentry$$0000000D          0x08000176   Section        8  __rtentry2.o(.ARM.Collect$$rtentry$$0000000D)
    .ARM.Collect$$rtexit$$00000000           0x0800017e   Section        2  rtexit.o(.ARM.Collect$$rtexit$$00000000)
    .ARM.Collect$$rtexit$$00000002           0x08000180   Section        0  rtexit2.o(.ARM.Collect$$rtexit$$00000002)
    .ARM.Collect$$rtexit$$00000003           0x08000180   Section        4  rtexit2.o(.ARM.Collect$$rtexit$$00000003)
    .ARM.Collect$$rtexit$$00000004           0x08000184   Section        6  rtexit2.o(.ARM.Collect$$rtexit$$00000004)
    .text                                    0x0800018c   Section       64  startup_stm32f10x_md.o(.text)
    .text                                    0x080001cc   Section      100  rt_memcpy_w.o(.text)
    .text                                    0x08000230   Section        0  heapauxi.o(.text)
    .text                                    0x08000238   Section        0  init_aeabi.o(.text)
    .text                                    0x0800025c   Section       74  sys_stackheap_outer.o(.text)
    .text                                    0x080002a6   Section        0  exit.o(.text)
    .text                                    0x080002b8   Section        8  libspace.o(.text)
    .text                                    0x080002c0   Section        2  use_no_semi.o(.text)
    .text                                    0x080002c2   Section        0  indicate_semi.o(.text)
    .text                                    0x080002c4   Section        0  sys_exit.o(.text)
    i.ADC1_2_IRQHandler                      0x080002d0   Section        0  main.o(i.ADC1_2_IRQHandler)
    i.SetSysClock                            0x08000384   Section        0  system_stm32f10x.o(i.SetSysClock)
    SetSysClock                              0x08000385   Thumb Code     8  system_stm32f10x.o(i.SetSysClock)
    i.SetSysClockTo72                        0x0800038c   Section        0  system_stm32f10x.o(i.SetSysClockTo72)
    SetSysClockTo72                          0x0800038d   Thumb Code   214  system_stm32f10x.o(i.SetSysClockTo72)
    i.SystemInit                             0x0800046c   Section        0  system_stm32f10x.o(i.SystemInit)
    i._Z10lcdComandoc                        0x080004cc   Section        0  lcd.o(i._Z10lcdComandoc)
    i._Z11configA8MCOv                       0x080004f0   Section        0  config_perifericos.o(i._Z11configA8MCOv)
    i._Z11estConfirmav                       0x08000530   Section        0  estados.o(i._Z11estConfirmav)
    i._Z11estProducaov                       0x08000648   Section        0  estados.o(i._Z11estProducaov)
    i._Z11ij_to_char2ii                      0x0800064a   Section        0  tecladomole.o(i._Z11ij_to_char2ii)
    i._Z11lcdWritePosPcjj                    0x080006c0   Section        0  lcd.o(i._Z11lcdWritePosPcjj)
    i._Z11le_teclado2v                       0x08000702   Section        0  tecladomole.o(i._Z11le_teclado2v)
    i._Z11pulseEnablev                       0x08000738   Section        0  lcd.o(i._Z11pulseEnablev)
    i._Z11trocaEstadoPFvvE                   0x08000758   Section        0  main.o(i._Z11trocaEstadoPFvvE)
    i._Z12clearDisplayv                      0x08000784   Section        0  lcd.o(i._Z12clearDisplayv)
    i._Z12lcdWritecharc                      0x08000794   Section        0  lcd.o(i._Z12lcdWritecharc)
    i._Z13estEmergenciav                     0x080007b8   Section        0  estados.o(i._Z13estEmergenciav)
    i._Z14atraso40us_lcdv                    0x080008a0   Section        0  lcd.o(i._Z14atraso40us_lcdv)
    i._Z14configuraClockv                    0x080008ec   Section        0  config_perifericos.o(i._Z14configuraClockv)
    i._Z15atraso1m65s_lcdv                   0x08000910   Section        0  lcd.o(i._Z15atraso1m65s_lcdv)
    i._Z15estLoginInicialv                   0x08000960   Section        0  estados.o(i._Z15estLoginInicialv)
    i._Z16atraso_debounce2v                  0x08000964   Section        0  tecladomole.o(i._Z16atraso_debounce2v)
    i._Z16estInicializacaov                  0x080009b4   Section        0  estados.o(i._Z16estInicializacaov)
    i._Z16selecionaProdutov                  0x08000b48   Section        0  login_e_config.o(i._Z16selecionaProdutov)
    i._Z25configura_portaB_teclado2v         0x08000ccc   Section        0  tecladomole.o(i._Z25configura_portaB_teclado2v)
    i._Z8lcdWritePc                          0x08000d28   Section        0  lcd.o(i._Z8lcdWritePc)
    i._Z8temp2strPcf                         0x08000d44   Section        0  auxiliares.o(i._Z8temp2strPcf)
    i._Z8tempoRTCv                           0x08000de8   Section        0  config_perifericos.o(i._Z8tempoRTCv)
    i._Z9configADCv                          0x08000dfc   Section        0  config_perifericos.o(i._Z9configADCv)
    i._Z9configRTCv                          0x08000ec0   Section        0  config_perifericos.o(i._Z9configRTCv)
    i._Z9debounce2ii                         0x08000f30   Section        0  tecladomole.o(i._Z9debounce2ii)
    i._Z9lcdConfigv                          0x08001010   Section        0  lcd.o(i._Z9lcdConfigv)
    i._Z9setCursorjj                         0x0800108c   Section        0  lcd.o(i._Z9setCursorjj)
    i._ZN3PWM12enableOutputEv                0x080010b4   Section        0  pwm_t1ch2_a9.o(i._ZN3PWM12enableOutputEv)
    i._ZN3PWM12setDutyCycleEf                0x080010c8   Section        0  pwm_t1ch2_a9.o(i._ZN3PWM12setDutyCycleEf)
    i._ZN3PWM13disableOutputEv               0x08001144   Section        0  pwm_t1ch2_a9.o(i._ZN3PWM13disableOutputEv)
    i._ZN3PWM15getOutputEnableEv             0x08001158   Section        0  pwm_t1ch2_a9.o(i._ZN3PWM15getOutputEnableEv)
    i._ZN3PWMC1Ev                            0x08001168   Section        0  pwm_t1ch2_a9.o(i._ZN3PWMC1Ev)
    i.__sti___8_main_cpp_ea587f0a            0x080011d0   Section        0  main.o(i.__sti___8_main_cpp_ea587f0a)
    __sti___8_main_cpp_ea587f0a              0x080011d1   Thumb Code    10  main.o(i.__sti___8_main_cpp_ea587f0a)
    i.main                                   0x080011e0   Section        0  main.o(i.main)
    x$fpl$d2f                                0x08001278   Section       98  d2f.o(x$fpl$d2f)
    x$fpl$dadd                               0x080012dc   Section      336  daddsub_clz.o(x$fpl$dadd)
    _dadd1                                   0x080012ed   Thumb Code     0  daddsub_clz.o(x$fpl$dadd)
    x$fpl$dcmpinf                            0x0800142c   Section       24  dcmpi.o(x$fpl$dcmpinf)
    x$fpl$ddiv                               0x08001444   Section      688  ddiv.o(x$fpl$ddiv)
    ddiv_entry                               0x0800144b   Thumb Code     0  ddiv.o(x$fpl$ddiv)
    x$fpl$dfix                               0x080016f4   Section       94  dfix.o(x$fpl$dfix)
    x$fpl$dflt                               0x08001752   Section       46  dflt_clz.o(x$fpl$dflt)
    x$fpl$dleqf                              0x08001780   Section      120  dleqf.o(x$fpl$dleqf)
    x$fpl$dmul                               0x080017f8   Section      340  dmul.o(x$fpl$dmul)
    x$fpl$dnaninf                            0x0800194c   Section      156  dnaninf.o(x$fpl$dnaninf)
    x$fpl$dretinf                            0x080019e8   Section       12  dretinf.o(x$fpl$dretinf)
    x$fpl$drleqf                             0x080019f4   Section      108  drleqf.o(x$fpl$drleqf)
    x$fpl$dsub                               0x08001a60   Section      468  daddsub_clz.o(x$fpl$dsub)
    _dsub1                                   0x08001a71   Thumb Code     0  daddsub_clz.o(x$fpl$dsub)
    x$fpl$f2d                                0x08001c34   Section       86  f2d.o(x$fpl$f2d)
    x$fpl$fadd                               0x08001c8c   Section      196  faddsub_clz.o(x$fpl$fadd)
    _fadd1                                   0x08001c9b   Thumb Code     0  faddsub_clz.o(x$fpl$fadd)
    x$fpl$fdiv                               0x08001d50   Section      388  fdiv.o(x$fpl$fdiv)
    _fdiv1                                   0x08001d51   Thumb Code     0  fdiv.o(x$fpl$fdiv)
    x$fpl$ffix                               0x08001ed4   Section       54  ffix.o(x$fpl$ffix)
    x$fpl$ffltu                              0x08001f0c   Section       38  fflt_clz.o(x$fpl$ffltu)
    x$fpl$fmul                               0x08001f34   Section      258  fmul.o(x$fpl$fmul)
    x$fpl$fnaninf                            0x08002036   Section      140  fnaninf.o(x$fpl$fnaninf)
    x$fpl$fretinf                            0x080020c2   Section       10  fretinf.o(x$fpl$fretinf)
    x$fpl$fsub                               0x080020cc   Section      234  faddsub_clz.o(x$fpl$fsub)
    _fsub1                                   0x080020db   Thumb Code     0  faddsub_clz.o(x$fpl$fsub)
    x$fpl$usenofp                            0x080021b6   Section        0  usenofp.o(x$fpl$usenofp)
    .constdata                               0x080021b8   Section      300  login_e_config.o(.constdata)
    .init_array                              0x08002304   Section        4  main.o(.init_array)
    .init_array                              0x08002308   Section        0  init_aeabi.o(.init_array)
    .data                                    0x20000000   Section       56  main.o(.data)
    .data                                    0x20000038   Section        3  login_e_config.o(.data)
    .bss                                     0x2000003c   Section       96  libspace.o(.bss)
    HEAP                                     0x200000a0   Section      512  startup_stm32f10x_md.o(HEAP)
    Heap_Mem                                 0x200000a0   Data         512  startup_stm32f10x_md.o(HEAP)
    STACK                                    0x200002a0   Section     1024  startup_stm32f10x_md.o(STACK)
    Stack_Mem                                0x200002a0   Data        1024  startup_stm32f10x_md.o(STACK)
    __initial_sp                             0x200006a0   Data           0  startup_stm32f10x_md.o(STACK)

    Global Symbols

    Symbol Name                              Value     Ov Type        Size  Object(Section)

    BuildAttributes$$THM_ISAv4$P$D$K$B$S$PE$A:L22UL41UL21$X:L11$S22US41US21$IEEE1$IW$USESV6$~STKCKD$USESV7$~SHL$OSPACE$ROPI$EBA8$UX$STANDARDLIB$REQ8$PRES8$EABIv2 0x00000000   Number         0  anon$$obj.o ABSOLUTE
    __ARM_use_no_argv                        0x00000000   Number         0  main.o ABSOLUTE
    __ARM_exceptions_init                     - Undefined Weak Reference
    __alloca_initialize                       - Undefined Weak Reference
    __arm_preinit_                            - Undefined Weak Reference
    __cxa_finalize                            - Undefined Weak Reference
    __rt_locale                               - Undefined Weak Reference
    __sigvec_lookup                           - Undefined Weak Reference
    _atexit_init                              - Undefined Weak Reference
    _call_atexit_fns                          - Undefined Weak Reference
    _clock_init                               - Undefined Weak Reference
    _fp_trap_init                             - Undefined Weak Reference
    _fp_trap_shutdown                         - Undefined Weak Reference
    _get_lc_collate                           - Undefined Weak Reference
    _get_lc_ctype                             - Undefined Weak Reference
    _get_lc_monetary                          - Undefined Weak Reference
    _get_lc_numeric                           - Undefined Weak Reference
    _get_lc_time                              - Undefined Weak Reference
    _getenv_init                              - Undefined Weak Reference
    _handle_redirection                       - Undefined Weak Reference
    _init_alloc                               - Undefined Weak Reference
    _init_user_alloc                          - Undefined Weak Reference
    _initio                                   - Undefined Weak Reference
    _rand_init                                - Undefined Weak Reference
    _signal_finish                            - Undefined Weak Reference
    _signal_init                              - Undefined Weak Reference
    _terminate_alloc                          - Undefined Weak Reference
    _terminate_user_alloc                     - Undefined Weak Reference
    _terminateio                              - Undefined Weak Reference
    __Vectors_Size                           0x000000ec   Number         0  startup_stm32f10x_md.o ABSOLUTE
    __Vectors                                0x08000000   Data           4  startup_stm32f10x_md.o(RESET)
    __Vectors_End                            0x080000ec   Data           0  startup_stm32f10x_md.o(RESET)
    __main                                   0x080000ed   Thumb Code     8  __main.o(!!!main)
    __scatterload                            0x080000f5   Thumb Code     0  __scatter.o(!!!scatter)
    __scatterload_rt2                        0x080000f5   Thumb Code    44  __scatter.o(!!!scatter)
    __scatterload_rt2_thumb_only             0x080000f5   Thumb Code     0  __scatter.o(!!!scatter)
    __scatterload_null                       0x08000103   Thumb Code     0  __scatter.o(!!!scatter)
    __scatterload_copy                       0x08000129   Thumb Code    26  __scatter_copy.o(!!handler_copy)
    __scatterload_zeroinit                   0x08000145   Thumb Code    28  __scatter_zi.o(!!handler_zi)
    __rt_lib_init                            0x08000161   Thumb Code     0  libinit.o(.ARM.Collect$$libinit$$00000000)
    __rt_lib_init_alloca_1                   0x08000163   Thumb Code     0  libinit2.o(.ARM.Collect$$libinit$$0000002E)
    __rt_lib_init_argv_1                     0x08000163   Thumb Code     0  libinit2.o(.ARM.Collect$$libinit$$0000002C)
    __rt_lib_init_atexit_1                   0x08000163   Thumb Code     0  libinit2.o(.ARM.Collect$$libinit$$0000001B)
    __rt_lib_init_clock_1                    0x08000163   Thumb Code     0  libinit2.o(.ARM.Collect$$libinit$$00000021)
    __rt_lib_init_cpp_2                      0x08000163   Thumb Code     0  libinit2.o(.ARM.Collect$$libinit$$00000031)
    __rt_lib_init_exceptions_1               0x08000163   Thumb Code     0  libinit2.o(.ARM.Collect$$libinit$$00000030)
    __rt_lib_init_fp_1                       0x08000163   Thumb Code     0  libinit2.o(.ARM.Collect$$libinit$$00000002)
    __rt_lib_init_fp_trap_1                  0x08000163   Thumb Code     0  libinit2.o(.ARM.Collect$$libinit$$0000001F)
    __rt_lib_init_getenv_1                   0x08000163   Thumb Code     0  libinit2.o(.ARM.Collect$$libinit$$00000023)
    __rt_lib_init_heap_1                     0x08000163   Thumb Code     0  libinit2.o(.ARM.Collect$$libinit$$0000000A)
    __rt_lib_init_lc_collate_1               0x08000163   Thumb Code     0  libinit2.o(.ARM.Collect$$libinit$$00000011)
    __rt_lib_init_lc_ctype_1                 0x08000163   Thumb Code     0  libinit2.o(.ARM.Collect$$libinit$$00000013)
    __rt_lib_init_lc_monetary_1              0x08000163   Thumb Code     0  libinit2.o(.ARM.Collect$$libinit$$00000015)
    __rt_lib_init_lc_numeric_1               0x08000163   Thumb Code     0  libinit2.o(.ARM.Collect$$libinit$$00000017)
    __rt_lib_init_lc_time_1                  0x08000163   Thumb Code     0  libinit2.o(.ARM.Collect$$libinit$$00000019)
    __rt_lib_init_preinit_1                  0x08000163   Thumb Code     0  libinit2.o(.ARM.Collect$$libinit$$00000004)
    __rt_lib_init_rand_1                     0x08000163   Thumb Code     0  libinit2.o(.ARM.Collect$$libinit$$0000000E)
    __rt_lib_init_signal_1                   0x08000163   Thumb Code     0  libinit2.o(.ARM.Collect$$libinit$$0000001D)
    __rt_lib_init_stdio_1                    0x08000163   Thumb Code     0  libinit2.o(.ARM.Collect$$libinit$$00000025)
    __rt_lib_init_user_alloc_1               0x08000163   Thumb Code     0  libinit2.o(.ARM.Collect$$libinit$$0000000C)
    __rt_lib_init_cpp_1                      0x08000167   Thumb Code     0  libinit2.o(.ARM.Collect$$libinit$$00000032)
    __rt_lib_init_return                     0x08000167   Thumb Code     0  libinit2.o(.ARM.Collect$$libinit$$00000033)
    __rt_lib_shutdown                        0x08000169   Thumb Code     0  libshutdown.o(.ARM.Collect$$libshutdown$$00000000)
    __rt_lib_shutdown_cpp_1                  0x0800016b   Thumb Code     0  libshutdown2.o(.ARM.Collect$$libshutdown$$00000002)
    __rt_lib_shutdown_fp_trap_1              0x0800016b   Thumb Code     0  libshutdown2.o(.ARM.Collect$$libshutdown$$00000007)
    __rt_lib_shutdown_heap_1                 0x0800016b   Thumb Code     0  libshutdown2.o(.ARM.Collect$$libshutdown$$0000000F)
    __rt_lib_shutdown_return                 0x0800016b   Thumb Code     0  libshutdown2.o(.ARM.Collect$$libshutdown$$00000010)
    __rt_lib_shutdown_signal_1               0x0800016b   Thumb Code     0  libshutdown2.o(.ARM.Collect$$libshutdown$$0000000A)
    __rt_lib_shutdown_stdio_1                0x0800016b   Thumb Code     0  libshutdown2.o(.ARM.Collect$$libshutdown$$00000004)
    __rt_lib_shutdown_user_alloc_1           0x0800016b   Thumb Code     0  libshutdown2.o(.ARM.Collect$$libshutdown$$0000000C)
    __rt_entry                               0x0800016d   Thumb Code     0  __rtentry.o(.ARM.Collect$$rtentry$$00000000)
    __rt_entry_presh_1                       0x0800016d   Thumb Code     0  __rtentry2.o(.ARM.Collect$$rtentry$$00000002)
    __rt_entry_sh                            0x0800016d   Thumb Code     0  __rtentry4.o(.ARM.Collect$$rtentry$$00000004)
    __rt_entry_li                            0x08000173   Thumb Code     0  __rtentry2.o(.ARM.Collect$$rtentry$$0000000A)
    __rt_entry_postsh_1                      0x08000173   Thumb Code     0  __rtentry2.o(.ARM.Collect$$rtentry$$00000009)
    __rt_entry_main                          0x08000177   Thumb Code     0  __rtentry2.o(.ARM.Collect$$rtentry$$0000000D)
    __rt_entry_postli_1                      0x08000177   Thumb Code     0  __rtentry2.o(.ARM.Collect$$rtentry$$0000000C)
    __rt_exit                                0x0800017f   Thumb Code     0  rtexit.o(.ARM.Collect$$rtexit$$00000000)
    __rt_exit_ls                             0x08000181   Thumb Code     0  rtexit2.o(.ARM.Collect$$rtexit$$00000003)
    __rt_exit_prels_1                        0x08000181   Thumb Code     0  rtexit2.o(.ARM.Collect$$rtexit$$00000002)
    __rt_exit_exit                           0x08000185   Thumb Code     0  rtexit2.o(.ARM.Collect$$rtexit$$00000004)
    Reset_Handler                            0x0800018d   Thumb Code     8  startup_stm32f10x_md.o(.text)
    NMI_Handler                              0x08000195   Thumb Code     2  startup_stm32f10x_md.o(.text)
    HardFault_Handler                        0x08000197   Thumb Code     2  startup_stm32f10x_md.o(.text)
    MemManage_Handler                        0x08000199   Thumb Code     2  startup_stm32f10x_md.o(.text)
    BusFault_Handler                         0x0800019b   Thumb Code     2  startup_stm32f10x_md.o(.text)
    UsageFault_Handler                       0x0800019d   Thumb Code     2  startup_stm32f10x_md.o(.text)
    SVC_Handler                              0x0800019f   Thumb Code     2  startup_stm32f10x_md.o(.text)
    DebugMon_Handler                         0x080001a1   Thumb Code     2  startup_stm32f10x_md.o(.text)
    PendSV_Handler                           0x080001a3   Thumb Code     2  startup_stm32f10x_md.o(.text)
    SysTick_Handler                          0x080001a5   Thumb Code     2  startup_stm32f10x_md.o(.text)
    CAN1_RX1_IRQHandler                      0x080001a7   Thumb Code     0  startup_stm32f10x_md.o(.text)
    CAN1_SCE_IRQHandler                      0x080001a7   Thumb Code     0  startup_stm32f10x_md.o(.text)
    DMA1_Channel1_IRQHandler                 0x080001a7   Thumb Code     0  startup_stm32f10x_md.o(.text)
    DMA1_Channel2_IRQHandler                 0x080001a7   Thumb Code     0  startup_stm32f10x_md.o(.text)
    DMA1_Channel3_IRQHandler                 0x080001a7   Thumb Code     0  startup_stm32f10x_md.o(.text)
    DMA1_Channel4_IRQHandler                 0x080001a7   Thumb Code     0  startup_stm32f10x_md.o(.text)
    DMA1_Channel5_IRQHandler                 0x080001a7   Thumb Code     0  startup_stm32f10x_md.o(.text)
    DMA1_Channel6_IRQHandler                 0x080001a7   Thumb Code     0  startup_stm32f10x_md.o(.text)
    DMA1_Channel7_IRQHandler                 0x080001a7   Thumb Code     0  startup_stm32f10x_md.o(.text)
    EXTI0_IRQHandler                         0x080001a7   Thumb Code     0  startup_stm32f10x_md.o(.text)
    EXTI15_10_IRQHandler                     0x080001a7   Thumb Code     0  startup_stm32f10x_md.o(.text)
    EXTI1_IRQHandler                         0x080001a7   Thumb Code     0  startup_stm32f10x_md.o(.text)
    EXTI2_IRQHandler                         0x080001a7   Thumb Code     0  startup_stm32f10x_md.o(.text)
    EXTI3_IRQHandler                         0x080001a7   Thumb Code     0  startup_stm32f10x_md.o(.text)
    EXTI4_IRQHandler                         0x080001a7   Thumb Code     0  startup_stm32f10x_md.o(.text)
    EXTI9_5_IRQHandler                       0x080001a7   Thumb Code     0  startup_stm32f10x_md.o(.text)
    FLASH_IRQHandler                         0x080001a7   Thumb Code     0  startup_stm32f10x_md.o(.text)
    I2C1_ER_IRQHandler                       0x080001a7   Thumb Code     0  startup_stm32f10x_md.o(.text)
    I2C1_EV_IRQHandler                       0x080001a7   Thumb Code     0  startup_stm32f10x_md.o(.text)
    I2C2_ER_IRQHandler                       0x080001a7   Thumb Code     0  startup_stm32f10x_md.o(.text)
    I2C2_EV_IRQHandler                       0x080001a7   Thumb Code     0  startup_stm32f10x_md.o(.text)
    PVD_IRQHandler                           0x080001a7   Thumb Code     0  startup_stm32f10x_md.o(.text)
    RCC_IRQHandler                           0x080001a7   Thumb Code     0  startup_stm32f10x_md.o(.text)
    RTCAlarm_IRQHandler                      0x080001a7   Thumb Code     0  startup_stm32f10x_md.o(.text)
    RTC_IRQHandler                           0x080001a7   Thumb Code     0  startup_stm32f10x_md.o(.text)
    SPI1_IRQHandler                          0x080001a7   Thumb Code     0  startup_stm32f10x_md.o(.text)
    SPI2_IRQHandler                          0x080001a7   Thumb Code     0  startup_stm32f10x_md.o(.text)
    TAMPER_IRQHandler                        0x080001a7   Thumb Code     0  startup_stm32f10x_md.o(.text)
    TIM1_BRK_IRQHandler                      0x080001a7   Thumb Code     0  startup_stm32f10x_md.o(.text)
    TIM1_CC_IRQHandler                       0x080001a7   Thumb Code     0  startup_stm32f10x_md.o(.text)
    TIM1_TRG_COM_IRQHandler                  0x080001a7   Thumb Code     0  startup_stm32f10x_md.o(.text)
    TIM1_UP_IRQHandler                       0x080001a7   Thumb Code     0  startup_stm32f10x_md.o(.text)
    TIM2_IRQHandler                          0x080001a7   Thumb Code     0  startup_stm32f10x_md.o(.text)
    TIM3_IRQHandler                          0x080001a7   Thumb Code     0  startup_stm32f10x_md.o(.text)
    TIM4_IRQHandler                          0x080001a7   Thumb Code     0  startup_stm32f10x_md.o(.text)
    USART1_IRQHandler                        0x080001a7   Thumb Code     0  startup_stm32f10x_md.o(.text)
    USART2_IRQHandler                        0x080001a7   Thumb Code     0  startup_stm32f10x_md.o(.text)
    USART3_IRQHandler                        0x080001a7   Thumb Code     0  startup_stm32f10x_md.o(.text)
    USBWakeUp_IRQHandler                     0x080001a7   Thumb Code     0  startup_stm32f10x_md.o(.text)
    USB_HP_CAN1_TX_IRQHandler                0x080001a7   Thumb Code     0  startup_stm32f10x_md.o(.text)
    USB_LP_CAN1_RX0_IRQHandler               0x080001a7   Thumb Code     0  startup_stm32f10x_md.o(.text)
    WWDG_IRQHandler                          0x080001a7   Thumb Code     0  startup_stm32f10x_md.o(.text)
    __user_initial_stackheap                 0x080001a9   Thumb Code     0  startup_stm32f10x_md.o(.text)
    __aeabi_memcpy4                          0x080001cd   Thumb Code     0  rt_memcpy_w.o(.text)
    __aeabi_memcpy8                          0x080001cd   Thumb Code     0  rt_memcpy_w.o(.text)
    __rt_memcpy_w                            0x080001cd   Thumb Code   100  rt_memcpy_w.o(.text)
    _memcpy_lastbytes_aligned                0x08000215   Thumb Code     0  rt_memcpy_w.o(.text)
    __use_two_region_memory                  0x08000231   Thumb Code     2  heapauxi.o(.text)
    __rt_heap_escrow$2region                 0x08000233   Thumb Code     2  heapauxi.o(.text)
    __rt_heap_expand$2region                 0x08000235   Thumb Code     2  heapauxi.o(.text)
    __cpp_initialize__aeabi_                 0x08000239   Thumb Code    26  init_aeabi.o(.text)
    __user_setup_stackheap                   0x0800025d   Thumb Code    74  sys_stackheap_outer.o(.text)
    exit                                     0x080002a7   Thumb Code    18  exit.o(.text)
    __user_libspace                          0x080002b9   Thumb Code     8  libspace.o(.text)
    __user_perproc_libspace                  0x080002b9   Thumb Code     0  libspace.o(.text)
    __user_perthread_libspace                0x080002b9   Thumb Code     0  libspace.o(.text)
    __I$use$semihosting                      0x080002c1   Thumb Code     0  use_no_semi.o(.text)
    __use_no_semihosting_swi                 0x080002c1   Thumb Code     2  use_no_semi.o(.text)
    __semihosting_library_function           0x080002c3   Thumb Code     0  indicate_semi.o(.text)
    _sys_exit                                0x080002c5   Thumb Code     8  sys_exit.o(.text)
    ADC1_2_IRQHandler                        0x080002d1   Thumb Code   150  main.o(i.ADC1_2_IRQHandler)
    SystemInit                               0x0800046d   Thumb Code    78  system_stm32f10x.o(i.SystemInit)
    lcdComando(char)                         0x080004cd   Thumb Code    26  lcd.o(i._Z10lcdComandoc)
    configA8MCO()                            0x080004f1   Thumb Code    56  config_perifericos.o(i._Z11configA8MCOv)
    estConfirma()                            0x08000531   Thumb Code   178  estados.o(i._Z11estConfirmav)
    estProducao()                            0x08000649   Thumb Code     2  estados.o(i._Z11estProducaov)
    ij_to_char2(int, int)                    0x0800064b   Thumb Code   118  tecladomole.o(i._Z11ij_to_char2ii)
    lcdWritePos(char*, unsigned, unsigned)   0x080006c1   Thumb Code    66  lcd.o(i._Z11lcdWritePosPcjj)
    le_teclado2()                            0x08000703   Thumb Code    52  tecladomole.o(i._Z11le_teclado2v)
    pulseEnable()                            0x08000739   Thumb Code    28  lcd.o(i._Z11pulseEnablev)
    trocaEstado(void(*)())                   0x08000759   Thumb Code    28  main.o(i._Z11trocaEstadoPFvvE)
    clearDisplay()                           0x08000785   Thumb Code    14  lcd.o(i._Z12clearDisplayv)
    lcdWritechar(char)                       0x08000795   Thumb Code    26  lcd.o(i._Z12lcdWritecharc)
    estEmergencia()                          0x080007b9   Thumb Code   186  estados.o(i._Z13estEmergenciav)
    atraso40us_lcd()                         0x080008a1   Thumb Code    72  lcd.o(i._Z14atraso40us_lcdv)
    configuraClock()                         0x080008ed   Thumb Code    32  config_perifericos.o(i._Z14configuraClockv)
    atraso1m65s_lcd()                        0x08000911   Thumb Code    74  lcd.o(i._Z15atraso1m65s_lcdv)
    estLoginInicial()                        0x08000961   Thumb Code     2  estados.o(i._Z15estLoginInicialv)
    atraso_debounce2()                       0x08000965   Thumb Code    74  tecladomole.o(i._Z16atraso_debounce2v)
    estInicializacao()                       0x080009b5   Thumb Code   302  estados.o(i._Z16estInicializacaov)
    selecionaProduto()                       0x08000b49   Thumb Code   324  login_e_config.o(i._Z16selecionaProdutov)
    configura_portaB_teclado2()              0x08000ccd   Thumb Code    76  tecladomole.o(i._Z25configura_portaB_teclado2v)
    lcdWrite(char*)                          0x08000d29   Thumb Code    28  lcd.o(i._Z8lcdWritePc)
    temp2str(char*, float)                   0x08000d45   Thumb Code   146  auxiliares.o(i._Z8temp2strPcf)
    tempoRTC()                               0x08000de9   Thumb Code    16  config_perifericos.o(i._Z8tempoRTCv)
    configADC()                              0x08000dfd   Thumb Code   178  config_perifericos.o(i._Z9configADCv)
    configRTC()                              0x08000ec1   Thumb Code    98  config_perifericos.o(i._Z9configRTCv)
    debounce2(int, int)                      0x08000f31   Thumb Code   218  tecladomole.o(i._Z9debounce2ii)
    lcdConfig()                              0x08001011   Thumb Code   102  lcd.o(i._Z9lcdConfigv)
    setCursor(unsigned, unsigned)            0x0800108d   Thumb Code    40  lcd.o(i._Z9setCursorjj)
    PWM::enableOutput()                      0x080010b5   Thumb Code    14  pwm_t1ch2_a9.o(i._ZN3PWM12enableOutputEv)
    PWM::setDutyCycle(float)                 0x080010c9   Thumb Code   110  pwm_t1ch2_a9.o(i._ZN3PWM12setDutyCycleEf)
    PWM::disableOutput()                     0x08001145   Thumb Code    14  pwm_t1ch2_a9.o(i._ZN3PWM13disableOutputEv)
    PWM::getOutputEnable()                   0x08001159   Thumb Code    10  pwm_t1ch2_a9.o(i._ZN3PWM15getOutputEnableEv)
    PWM::PWM()                               0x08001169   Thumb Code    96  pwm_t1ch2_a9.o(i._ZN3PWMC1Ev)
    PWM::PWM__sub_object()                   0x08001169   Thumb Code     0  pwm_t1ch2_a9.o(i._ZN3PWMC1Ev)
    main                                     0x080011e1   Thumb Code   120  main.o(i.main)
    __aeabi_d2f                              0x08001279   Thumb Code     0  d2f.o(x$fpl$d2f)
    _d2f                                     0x08001279   Thumb Code    98  d2f.o(x$fpl$d2f)
    __aeabi_dadd                             0x080012dd   Thumb Code     0  daddsub_clz.o(x$fpl$dadd)
    _dadd                                    0x080012dd   Thumb Code   332  daddsub_clz.o(x$fpl$dadd)
    __fpl_dcmp_Inf                           0x0800142d   Thumb Code    24  dcmpi.o(x$fpl$dcmpinf)
    __aeabi_ddiv                             0x08001445   Thumb Code     0  ddiv.o(x$fpl$ddiv)
    _ddiv                                    0x08001445   Thumb Code   552  ddiv.o(x$fpl$ddiv)
    __aeabi_d2iz                             0x080016f5   Thumb Code     0  dfix.o(x$fpl$dfix)
    _dfix                                    0x080016f5   Thumb Code    94  dfix.o(x$fpl$dfix)
    __aeabi_i2d                              0x08001753   Thumb Code     0  dflt_clz.o(x$fpl$dflt)
    _dflt                                    0x08001753   Thumb Code    46  dflt_clz.o(x$fpl$dflt)
    __aeabi_cdcmple                          0x08001781   Thumb Code     0  dleqf.o(x$fpl$dleqf)
    _dcmple                                  0x08001781   Thumb Code   120  dleqf.o(x$fpl$dleqf)
    __fpl_dcmple_InfNaN                      0x080017e3   Thumb Code     0  dleqf.o(x$fpl$dleqf)
    __aeabi_dmul                             0x080017f9   Thumb Code     0  dmul.o(x$fpl$dmul)
    _dmul                                    0x080017f9   Thumb Code   332  dmul.o(x$fpl$dmul)
    __fpl_dnaninf                            0x0800194d   Thumb Code   156  dnaninf.o(x$fpl$dnaninf)
    __fpl_dretinf                            0x080019e9   Thumb Code    12  dretinf.o(x$fpl$dretinf)
    __aeabi_cdrcmple                         0x080019f5   Thumb Code     0  drleqf.o(x$fpl$drleqf)
    _drcmple                                 0x080019f5   Thumb Code   108  drleqf.o(x$fpl$drleqf)
    __aeabi_dsub                             0x08001a61   Thumb Code     0  daddsub_clz.o(x$fpl$dsub)
    _dsub                                    0x08001a61   Thumb Code   464  daddsub_clz.o(x$fpl$dsub)
    __aeabi_f2d                              0x08001c35   Thumb Code     0  f2d.o(x$fpl$f2d)
    _f2d                                     0x08001c35   Thumb Code    86  f2d.o(x$fpl$f2d)
    __aeabi_fadd                             0x08001c8d   Thumb Code     0  faddsub_clz.o(x$fpl$fadd)
    _fadd                                    0x08001c8d   Thumb Code   196  faddsub_clz.o(x$fpl$fadd)
    __aeabi_fdiv                             0x08001d51   Thumb Code     0  fdiv.o(x$fpl$fdiv)
    _fdiv                                    0x08001d51   Thumb Code   384  fdiv.o(x$fpl$fdiv)
    __aeabi_f2iz                             0x08001ed5   Thumb Code     0  ffix.o(x$fpl$ffix)
    _ffix                                    0x08001ed5   Thumb Code    54  ffix.o(x$fpl$ffix)
    __aeabi_ui2f                             0x08001f0d   Thumb Code     0  fflt_clz.o(x$fpl$ffltu)
    _ffltu                                   0x08001f0d   Thumb Code    38  fflt_clz.o(x$fpl$ffltu)
    __aeabi_fmul                             0x08001f35   Thumb Code     0  fmul.o(x$fpl$fmul)
    _fmul                                    0x08001f35   Thumb Code   258  fmul.o(x$fpl$fmul)
    __fpl_fnaninf                            0x08002037   Thumb Code   140  fnaninf.o(x$fpl$fnaninf)
    __fpl_fretinf                            0x080020c3   Thumb Code    10  fretinf.o(x$fpl$fretinf)
    __aeabi_fsub                             0x080020cd   Thumb Code     0  faddsub_clz.o(x$fpl$fsub)
    _fsub                                    0x080020cd   Thumb Code   234  faddsub_clz.o(x$fpl$fsub)
    __I$use$fp                               0x080021b6   Number         0  usenofp.o(x$fpl$usenofp)
    Region$$Table$$Base                      0x080022e4   Number         0  anon$$obj.o(Region$$Table)
    Region$$Table$$Limit                     0x08002304   Number         0  anon$$obj.o(Region$$Table)
    SHT$$INIT_ARRAY$$Base                    0x08002304   Number         0  main.o(.init_array)
    SHT$$INIT_ARRAY$$Limit                   0x08002308   Number         0  init_aeabi.o(.init_array)
    aquecedor                                0x20000000   Data           1  main.o(.data)
    e                                        0x20000004   Data           8  main.o(.data)
    referencia                               0x2000000c   Data           4  main.o(.data)
    tempAlvo                                 0x20000010   Data           4  main.o(.data)
    produtoAtual                             0x20000014   Data           4  main.o(.data)
    ultTecla                                 0x20000018   Data           1  main.o(.data)
    produtoConfigurado                       0x2000001c   Data           4  main.o(.data)
    tempoUltMudancaTela                      0x20000020   Data           4  main.o(.data)
    subEstadoAnterior                        0x20000024   Data           4  main.o(.data)
    subEstado                                0x20000028   Data           4  main.o(.data)
    funEstadoAnterior                        0x2000002c   Data           4  main.o(.data)
    funEstado                                0x20000030   Data           4  main.o(.data)
    funNovoEstado                            0x20000034   Data           4  main.o(.data)
    teclaConfirma                            0x20000038   Data           1  login_e_config.o(.data)
    teclaBackSpace                           0x20000039   Data           1  login_e_config.o(.data)
    semTeclaPressionada                      0x2000003a   Data           1  login_e_config.o(.data)
    __libspace_start                         0x2000003c   Data          96  libspace.o(.bss)
    __temporary_stack_top$libspace           0x2000009c   Data           0  libspace.o(.bss)



==============================================================================

Memory Map of the image

  Image Entry point : 0x0800018d

  Load Region LR_1 (Base: 0x08000000, Size: 0x00002344, Max: 0xffffffff, ABSOLUTE)

    Execution Region ER_RO (Exec base: 0x08000000, Load base: 0x08000000, Size: 0x00002308, Max: 0xffffffff, ABSOLUTE)

    Exec Addr    Load Addr    Size         Type   Attr      Idx    E Section Name        Object

    0x08000000   0x08000000   0x000000ec   Data   RO          571    RESET               startup_stm32f10x_md.o
    0x080000ec   0x080000ec   0x00000008   Code   RO          653  * !!!main             c_w.l(__main.o)
    0x080000f4   0x080000f4   0x00000034   Code   RO          879    !!!scatter          c_w.l(__scatter.o)
    0x08000128   0x08000128   0x0000001a   Code   RO          881    !!handler_copy      c_w.l(__scatter_copy.o)
    0x08000142   0x08000142   0x00000002   PAD
    0x08000144   0x08000144   0x0000001c   Code   RO          883    !!handler_zi        c_w.l(__scatter_zi.o)
    0x08000160   0x08000160   0x00000002   Code   RO          802    .ARM.Collect$$libinit$$00000000  c_w.l(libinit.o)
    0x08000162   0x08000162   0x00000000   Code   RO          715    .ARM.Collect$$libinit$$00000002  c_w.l(libinit2.o)
    0x08000162   0x08000162   0x00000000   Code   RO          717    .ARM.Collect$$libinit$$00000004  c_w.l(libinit2.o)
    0x08000162   0x08000162   0x00000000   Code   RO          720    .ARM.Collect$$libinit$$0000000A  c_w.l(libinit2.o)
    0x08000162   0x08000162   0x00000000   Code   RO          722    .ARM.Collect$$libinit$$0000000C  c_w.l(libinit2.o)
    0x08000162   0x08000162   0x00000000   Code   RO          724    .ARM.Collect$$libinit$$0000000E  c_w.l(libinit2.o)
    0x08000162   0x08000162   0x00000000   Code   RO          727    .ARM.Collect$$libinit$$00000011  c_w.l(libinit2.o)
    0x08000162   0x08000162   0x00000000   Code   RO          729    .ARM.Collect$$libinit$$00000013  c_w.l(libinit2.o)
    0x08000162   0x08000162   0x00000000   Code   RO          731    .ARM.Collect$$libinit$$00000015  c_w.l(libinit2.o)
    0x08000162   0x08000162   0x00000000   Code   RO          733    .ARM.Collect$$libinit$$00000017  c_w.l(libinit2.o)
    0x08000162   0x08000162   0x00000000   Code   RO          735    .ARM.Collect$$libinit$$00000019  c_w.l(libinit2.o)
    0x08000162   0x08000162   0x00000000   Code   RO          737    .ARM.Collect$$libinit$$0000001B  c_w.l(libinit2.o)
    0x08000162   0x08000162   0x00000000   Code   RO          739    .ARM.Collect$$libinit$$0000001D  c_w.l(libinit2.o)
    0x08000162   0x08000162   0x00000000   Code   RO          741    .ARM.Collect$$libinit$$0000001F  c_w.l(libinit2.o)
    0x08000162   0x08000162   0x00000000   Code   RO          743    .ARM.Collect$$libinit$$00000021  c_w.l(libinit2.o)
    0x08000162   0x08000162   0x00000000   Code   RO          745    .ARM.Collect$$libinit$$00000023  c_w.l(libinit2.o)
    0x08000162   0x08000162   0x00000000   Code   RO          747    .ARM.Collect$$libinit$$00000025  c_w.l(libinit2.o)
    0x08000162   0x08000162   0x00000000   Code   RO          751    .ARM.Collect$$libinit$$0000002C  c_w.l(libinit2.o)
    0x08000162   0x08000162   0x00000000   Code   RO          753    .ARM.Collect$$libinit$$0000002E  c_w.l(libinit2.o)
    0x08000162   0x08000162   0x00000000   Code   RO          755    .ARM.Collect$$libinit$$00000030  c_w.l(libinit2.o)
    0x08000162   0x08000162   0x00000004   Code   RO          756    .ARM.Collect$$libinit$$00000031  c_w.l(libinit2.o)
    0x08000166   0x08000166   0x00000000   Code   RO          757    .ARM.Collect$$libinit$$00000032  c_w.l(libinit2.o)
    0x08000166   0x08000166   0x00000002   Code   RO          758    .ARM.Collect$$libinit$$00000033  c_w.l(libinit2.o)
    0x08000168   0x08000168   0x00000002   Code   RO          840    .ARM.Collect$$libshutdown$$00000000  c_w.l(libshutdown.o)
    0x0800016a   0x0800016a   0x00000000   Code   RO          846    .ARM.Collect$$libshutdown$$00000002  c_w.l(libshutdown2.o)
    0x0800016a   0x0800016a   0x00000000   Code   RO          848    .ARM.Collect$$libshutdown$$00000004  c_w.l(libshutdown2.o)
    0x0800016a   0x0800016a   0x00000000   Code   RO          851    .ARM.Collect$$libshutdown$$00000007  c_w.l(libshutdown2.o)
    0x0800016a   0x0800016a   0x00000000   Code   RO          854    .ARM.Collect$$libshutdown$$0000000A  c_w.l(libshutdown2.o)
    0x0800016a   0x0800016a   0x00000000   Code   RO          856    .ARM.Collect$$libshutdown$$0000000C  c_w.l(libshutdown2.o)
    0x0800016a   0x0800016a   0x00000000   Code   RO          859    .ARM.Collect$$libshutdown$$0000000F  c_w.l(libshutdown2.o)
    0x0800016a   0x0800016a   0x00000002   Code   RO          860    .ARM.Collect$$libshutdown$$00000010  c_w.l(libshutdown2.o)
    0x0800016c   0x0800016c   0x00000000   Code   RO          713    .ARM.Collect$$rtentry$$00000000  c_w.l(__rtentry.o)
    0x0800016c   0x0800016c   0x00000000   Code   RO          771    .ARM.Collect$$rtentry$$00000002  c_w.l(__rtentry2.o)
    0x0800016c   0x0800016c   0x00000006   Code   RO          783    .ARM.Collect$$rtentry$$00000004  c_w.l(__rtentry4.o)
    0x08000172   0x08000172   0x00000000   Code   RO          773    .ARM.Collect$$rtentry$$00000009  c_w.l(__rtentry2.o)
    0x08000172   0x08000172   0x00000004   Code   RO          774    .ARM.Collect$$rtentry$$0000000A  c_w.l(__rtentry2.o)
    0x08000176   0x08000176   0x00000000   Code   RO          776    .ARM.Collect$$rtentry$$0000000C  c_w.l(__rtentry2.o)
    0x08000176   0x08000176   0x00000008   Code   RO          777    .ARM.Collect$$rtentry$$0000000D  c_w.l(__rtentry2.o)
    0x0800017e   0x0800017e   0x00000002   Code   RO          808    .ARM.Collect$$rtexit$$00000000  c_w.l(rtexit.o)
    0x08000180   0x08000180   0x00000000   Code   RO          820    .ARM.Collect$$rtexit$$00000002  c_w.l(rtexit2.o)
    0x08000180   0x08000180   0x00000004   Code   RO          821    .ARM.Collect$$rtexit$$00000003  c_w.l(rtexit2.o)
    0x08000184   0x08000184   0x00000006   Code   RO          822    .ARM.Collect$$rtexit$$00000004  c_w.l(rtexit2.o)
    0x0800018a   0x0800018a   0x00000002   PAD
    0x0800018c   0x0800018c   0x00000040   Code   RO          572  * .text               startup_stm32f10x_md.o
    0x080001cc   0x080001cc   0x00000064   Code   RO          647    .text               c_w.l(rt_memcpy_w.o)
    0x08000230   0x08000230   0x00000006   Code   RO          651    .text               c_w.l(heapauxi.o)
    0x08000236   0x08000236   0x00000002   PAD
    0x08000238   0x08000238   0x00000024   Code   RO          658    .text               c_w.l(init_aeabi.o)
    0x0800025c   0x0800025c   0x0000004a   Code   RO          789    .text               c_w.l(sys_stackheap_outer.o)
    0x080002a6   0x080002a6   0x00000012   Code   RO          791    .text               c_w.l(exit.o)
    0x080002b8   0x080002b8   0x00000008   Code   RO          805    .text               c_w.l(libspace.o)
    0x080002c0   0x080002c0   0x00000002   Code   RO          816    .text               c_w.l(use_no_semi.o)
    0x080002c2   0x080002c2   0x00000000   Code   RO          818    .text               c_w.l(indicate_semi.o)
    0x080002c2   0x080002c2   0x00000002   PAD
    0x080002c4   0x080002c4   0x0000000c   Code   RO          832    .text               c_w.l(sys_exit.o)
    0x080002d0   0x080002d0   0x000000b4   Code   RO            4    i.ADC1_2_IRQHandler  main.o
    0x08000384   0x08000384   0x00000008   Code   RO          579    i.SetSysClock       system_stm32f10x.o
    0x0800038c   0x0800038c   0x000000e0   Code   RO          580    i.SetSysClockTo72   system_stm32f10x.o
    0x0800046c   0x0800046c   0x00000060   Code   RO          582    i.SystemInit        system_stm32f10x.o
    0x080004cc   0x080004cc   0x00000024   Code   RO          170    i._Z10lcdComandoc   lcd.o
    0x080004f0   0x080004f0   0x00000040   Code   RO          333    i._Z11configA8MCOv  config_perifericos.o
    0x08000530   0x08000530   0x00000118   Code   RO          456    i._Z11estConfirmav  estados.o
    0x08000648   0x08000648   0x00000002   Code   RO          457    i._Z11estProducaov  estados.o
    0x0800064a   0x0800064a   0x00000076   Code   RO          258    i._Z11ij_to_char2ii  tecladomole.o
    0x080006c0   0x080006c0   0x00000042   Code   RO          171    i._Z11lcdWritePosPcjj  lcd.o
    0x08000702   0x08000702   0x00000034   Code   RO          259    i._Z11le_teclado2v  tecladomole.o
    0x08000736   0x08000736   0x00000002   PAD
    0x08000738   0x08000738   0x00000020   Code   RO          245    i._Z11pulseEnablev  lcd.o
    0x08000758   0x08000758   0x0000002c   Code   RO            5    i._Z11trocaEstadoPFvvE  main.o
    0x08000784   0x08000784   0x0000000e   Code   RO          172    i._Z12clearDisplayv  lcd.o
    0x08000792   0x08000792   0x00000002   PAD
    0x08000794   0x08000794   0x00000024   Code   RO          173    i._Z12lcdWritecharc  lcd.o
    0x080007b8   0x080007b8   0x000000e8   Code   RO          459    i._Z13estEmergenciav  estados.o
    0x080008a0   0x080008a0   0x0000004c   Code   RO          174    i._Z14atraso40us_lcdv  lcd.o
    0x080008ec   0x080008ec   0x00000024   Code   RO          334    i._Z14configuraClockv  config_perifericos.o
    0x08000910   0x08000910   0x00000050   Code   RO          175    i._Z15atraso1m65s_lcdv  lcd.o
    0x08000960   0x08000960   0x00000002   Code   RO          461    i._Z15estLoginInicialv  estados.o
    0x08000962   0x08000962   0x00000002   PAD
    0x08000964   0x08000964   0x00000050   Code   RO          260    i._Z16atraso_debounce2v  tecladomole.o
    0x080009b4   0x080009b4   0x00000194   Code   RO          462    i._Z16estInicializacaov  estados.o
    0x08000b48   0x08000b48   0x00000184   Code   RO          407    i._Z16selecionaProdutov  login_e_config.o
    0x08000ccc   0x08000ccc   0x0000005c   Code   RO          261    i._Z25configura_portaB_teclado2v  tecladomole.o
    0x08000d28   0x08000d28   0x0000001c   Code   RO          176    i._Z8lcdWritePc     lcd.o
    0x08000d44   0x08000d44   0x000000a4   Code   RO          384    i._Z8temp2strPcf    auxiliares.o
    0x08000de8   0x08000de8   0x00000014   Code   RO          335    i._Z8tempoRTCv      config_perifericos.o
    0x08000dfc   0x08000dfc   0x000000c4   Code   RO          336    i._Z9configADCv     config_perifericos.o
    0x08000ec0   0x08000ec0   0x00000070   Code   RO          337    i._Z9configRTCv     config_perifericos.o
    0x08000f30   0x08000f30   0x000000e0   Code   RO          262    i._Z9debounce2ii    tecladomole.o
    0x08001010   0x08001010   0x0000007c   Code   RO          177    i._Z9lcdConfigv     lcd.o
    0x0800108c   0x0800108c   0x00000028   Code   RO          178    i._Z9setCursorjj    lcd.o
    0x080010b4   0x080010b4   0x00000014   Code   RO          104    i._ZN3PWM12enableOutputEv  pwm_t1ch2_a9.o
    0x080010c8   0x080010c8   0x0000007c   Code   RO          106    i._ZN3PWM12setDutyCycleEf  pwm_t1ch2_a9.o
    0x08001144   0x08001144   0x00000014   Code   RO          107    i._ZN3PWM13disableOutputEv  pwm_t1ch2_a9.o
    0x08001158   0x08001158   0x00000010   Code   RO          108    i._ZN3PWM15getOutputEnableEv  pwm_t1ch2_a9.o
    0x08001168   0x08001168   0x00000068   Code   RO          111    i._ZN3PWMC1Ev       pwm_t1ch2_a9.o
    0x080011d0   0x080011d0   0x00000010   Code   RO            6    i.__sti___8_main_cpp_ea587f0a  main.o
    0x080011e0   0x080011e0   0x00000098   Code   RO            7    i.main              main.o
    0x08001278   0x08001278   0x00000062   Code   RO          661    x$fpl$d2f           fz_ws.l(d2f.o)
    0x080012da   0x080012da   0x00000002   PAD
    0x080012dc   0x080012dc   0x00000150   Code   RO          663    x$fpl$dadd          fz_ws.l(daddsub_clz.o)
    0x0800142c   0x0800142c   0x00000018   Code   RO          759    x$fpl$dcmpinf       fz_ws.l(dcmpi.o)
    0x08001444   0x08001444   0x000002b0   Code   RO          670    x$fpl$ddiv          fz_ws.l(ddiv.o)
    0x080016f4   0x080016f4   0x0000005e   Code   RO          673    x$fpl$dfix          fz_ws.l(dfix.o)
    0x08001752   0x08001752   0x0000002e   Code   RO          678    x$fpl$dflt          fz_ws.l(dflt_clz.o)
    0x08001780   0x08001780   0x00000078   Code   RO          683    x$fpl$dleqf         fz_ws.l(dleqf.o)
    0x080017f8   0x080017f8   0x00000154   Code   RO          685    x$fpl$dmul          fz_ws.l(dmul.o)
    0x0800194c   0x0800194c   0x0000009c   Code   RO          761    x$fpl$dnaninf       fz_ws.l(dnaninf.o)
    0x080019e8   0x080019e8   0x0000000c   Code   RO          763    x$fpl$dretinf       fz_ws.l(dretinf.o)
    0x080019f4   0x080019f4   0x0000006c   Code   RO          687    x$fpl$drleqf        fz_ws.l(drleqf.o)
    0x08001a60   0x08001a60   0x000001d4   Code   RO          665    x$fpl$dsub          fz_ws.l(daddsub_clz.o)
    0x08001c34   0x08001c34   0x00000056   Code   RO          689    x$fpl$f2d           fz_ws.l(f2d.o)
    0x08001c8a   0x08001c8a   0x00000002   PAD
    0x08001c8c   0x08001c8c   0x000000c4   Code   RO          691    x$fpl$fadd          fz_ws.l(faddsub_clz.o)
    0x08001d50   0x08001d50   0x00000184   Code   RO          698    x$fpl$fdiv          fz_ws.l(fdiv.o)
    0x08001ed4   0x08001ed4   0x00000036   Code   RO          701    x$fpl$ffix          fz_ws.l(ffix.o)
    0x08001f0a   0x08001f0a   0x00000002   PAD
    0x08001f0c   0x08001f0c   0x00000026   Code   RO          705    x$fpl$ffltu         fz_ws.l(fflt_clz.o)
    0x08001f32   0x08001f32   0x00000002   PAD
    0x08001f34   0x08001f34   0x00000102   Code   RO          711    x$fpl$fmul          fz_ws.l(fmul.o)
    0x08002036   0x08002036   0x0000008c   Code   RO          765    x$fpl$fnaninf       fz_ws.l(fnaninf.o)
    0x080020c2   0x080020c2   0x0000000a   Code   RO          767    x$fpl$fretinf       fz_ws.l(fretinf.o)
    0x080020cc   0x080020cc   0x000000ea   Code   RO          693    x$fpl$fsub          fz_ws.l(faddsub_clz.o)
    0x080021b6   0x080021b6   0x00000000   Code   RO          769    x$fpl$usenofp       fz_ws.l(usenofp.o)
    0x080021b6   0x080021b6   0x00000002   PAD
    0x080021b8   0x080021b8   0x0000012c   Data   RO          414    .constdata          login_e_config.o
    0x080022e4   0x080022e4   0x00000020   Data   RO          877    Region$$Table       anon$$obj.o
    0x08002304   0x08002304   0x00000004   Data   RO           13    .init_array         main.o
    0x08002308   0x08002304   0x00000000   Data   RO          656    .init_array         c_w.l(init_aeabi.o)


    Execution Region ER_RW (Exec base: 0x20000000, Load base: 0x08002308, Size: 0x0000003c, Max: 0xffffffff, ABSOLUTE)

    Exec Addr    Load Addr    Size         Type   Attr      Idx    E Section Name        Object

    0x20000000   0x08002308   0x00000038   Data   RW           12    .data               main.o
    0x20000038   0x08002340   0x00000003   Data   RW          415    .data               login_e_config.o


    Execution Region ER_ZI (Exec base: 0x2000003c, Load base: 0x08002344, Size: 0x00000664, Max: 0xffffffff, ABSOLUTE)

    Exec Addr    Load Addr    Size         Type   Attr      Idx    E Section Name        Object

    0x2000003c        -       0x00000060   Zero   RW          806    .bss                c_w.l(libspace.o)
    0x2000009c   0x08002344   0x00000004   PAD
    0x200000a0        -       0x00000200   Zero   RW          570    HEAP                startup_stm32f10x_md.o
    0x200002a0        -       0x00000400   Zero   RW          569    STACK               startup_stm32f10x_md.o


==============================================================================

Image component sizes


      Code (inc. data)   RO Data    RW Data    ZI Data      Debug   Object Name

       164         18          0          0          0        559   auxiliares.o
       428         48          0          0          0       2186   config_perifericos.o
       920        250          0          0          0       5759   estados.o
       532         56          0          0          0       4741   lcd.o
       388         64        300          3          0       1122   login_e_config.o
       392         84          4         56          0       6506   main.o
       284         40          0          0          0       2172   pwm_t1ch2_a9.o
        64         26        236          0       1536        812   startup_stm32f10x_md.o
       328         28          0          0          0       6609   system_stm32f10x.o
       566         28          0          0          0       2915   tecladomole.o

    ----------------------------------------------------------------------
      4072        642        572         60       1536      33381   Object Totals
         0          0         32          0          0          0   (incl. Generated)
         6          0          0          1          0          0   (incl. Padding)

    ----------------------------------------------------------------------

      Code (inc. data)   RO Data    RW Data    ZI Data      Debug   Library Member Name

         8          0          0          0          0         68   __main.o
         0          0          0          0          0          0   __rtentry.o
        12          0          0          0          0          0   __rtentry2.o
         6          0          0          0          0          0   __rtentry4.o
        52          8          0          0          0          0   __scatter.o
        26          0          0          0          0          0   __scatter_copy.o
        28          0          0          0          0          0   __scatter_zi.o
        18          0          0          0          0         80   exit.o
         6          0          0          0          0        152   heapauxi.o
         0          0          0          0          0          0   indicate_semi.o
        36         10          0          0          0         80   init_aeabi.o
         2          0          0          0          0          0   libinit.o
         6          0          0          0          0          0   libinit2.o
         2          0          0          0          0          0   libshutdown.o
         2          0          0          0          0          0   libshutdown2.o
         8          4          0          0         96         68   libspace.o
       100          0          0          0          0         80   rt_memcpy_w.o
         2          0          0          0          0          0   rtexit.o
        10          0          0          0          0          0   rtexit2.o
        12          4          0          0          0         68   sys_exit.o
        74          0          0          0          0         80   sys_stackheap_outer.o
         2          0          0          0          0         68   use_no_semi.o
        98          4          0          0          0         92   d2f.o
       804         16          0          0          0        272   daddsub_clz.o
        24          0          0          0          0         68   dcmpi.o
       688        140          0          0          0        208   ddiv.o
        94          4          0          0          0         92   dfix.o
        46          0          0          0          0         68   dflt_clz.o
       120          4          0          0          0         92   dleqf.o
       340         12          0          0          0        104   dmul.o
       156          4          0          0          0         92   dnaninf.o
        12          0          0          0          0         68   dretinf.o
       108          0          0          0          0         80   drleqf.o
        86          4          0          0          0         84   f2d.o
       430          8          0          0          0        168   faddsub_clz.o
       388         76          0          0          0         96   fdiv.o
        54          4          0          0          0         84   ffix.o
        38          0          0          0          0         68   fflt_clz.o
       258          4          0          0          0         84   fmul.o
       140          4          0          0          0         84   fnaninf.o
        10          0          0          0          0         68   fretinf.o
         0          0          0          0          0          0   usenofp.o

    ----------------------------------------------------------------------
      4324        310          0          0        100       2716   Library Totals
        18          0          0          0          4          0   (incl. Padding)

    ----------------------------------------------------------------------

      Code (inc. data)   RO Data    RW Data    ZI Data      Debug   Library Name

       412         26          0          0         96        744   c_w.l
      3894        284          0          0          0       1972   fz_ws.l

    ----------------------------------------------------------------------
      4324        310          0          0        100       2716   Library Totals

    ----------------------------------------------------------------------

==============================================================================


      Code (inc. data)   RO Data    RW Data    ZI Data      Debug   

      8396        952        572         60       1636      32921   Grand Totals
      8396        952        572         60       1636      32921   ELF Image Totals
      8396        952        572         60          0          0   ROM Totals

==============================================================================

    Total RO  Size (Code + RO Data)                 8968 (   8.76kB)
    Total RW  Size (RW Data + ZI Data)              1696 (   1.66kB)
    Total ROM Size (Code + RO Data + RW Data)       9028 (   8.82kB)

==============================================================================

